Component: ARM Compiler 5.06 update 6 (build 750) Tool: armlink [4d35ed]

==============================================================================

Section Cross References

    startup_stm32f103xe.o(RESET) refers to startup_stm32f103xe.o(STACK) for __initial_sp
    startup_stm32f103xe.o(RESET) refers to startup_stm32f103xe.o(.text) for Reset_Handler
    startup_stm32f103xe.o(RESET) refers to stm32f1xx_it.o(i.NMI_Handler) for NMI_Handler
    startup_stm32f103xe.o(RESET) refers to stm32f1xx_it.o(i.HardFault_Handler) for HardFault_Handler
    startup_stm32f103xe.o(RESET) refers to stm32f1xx_it.o(i.MemManage_Handler) for MemManage_Handler
    startup_stm32f103xe.o(RESET) refers to stm32f1xx_it.o(i.BusFault_Handler) for BusFault_Handler
    startup_stm32f103xe.o(RESET) refers to stm32f1xx_it.o(i.UsageFault_Handler) for UsageFault_Handler
    startup_stm32f103xe.o(RESET) refers to stm32f1xx_it.o(i.SVC_Handler) for SVC_Handler
    startup_stm32f103xe.o(RESET) refers to stm32f1xx_it.o(i.DebugMon_Handler) for DebugMon_Handler
    startup_stm32f103xe.o(RESET) refers to stm32f1xx_it.o(i.PendSV_Handler) for PendSV_Handler
    startup_stm32f103xe.o(RESET) refers to stm32f1xx_it.o(i.SysTick_Handler) for SysTick_Handler
    startup_stm32f103xe.o(RESET) refers to stm32f1xx_it.o(i.EXTI1_IRQHandler) for EXTI1_IRQHandler
    startup_stm32f103xe.o(RESET) refers to stm32f1xx_it.o(i.EXTI2_IRQHandler) for EXTI2_IRQHandler
    startup_stm32f103xe.o(RESET) refers to stm32f1xx_it.o(i.EXTI4_IRQHandler) for EXTI4_IRQHandler
    startup_stm32f103xe.o(RESET) refers to stm32f1xx_it.o(i.TIM2_IRQHandler) for TIM2_IRQHandler
    startup_stm32f103xe.o(RESET) refers to stm32f1xx_it.o(i.TIM3_IRQHandler) for TIM3_IRQHandler
    startup_stm32f103xe.o(RESET) refers to stm32f1xx_it.o(i.USART2_IRQHandler) for USART2_IRQHandler
    startup_stm32f103xe.o(.text) refers to system_stm32f1xx.o(i.SystemInit) for SystemInit
    startup_stm32f103xe.o(.text) refers to entry.o(.ARM.Collect$$$$00000000) for __main
    gizwits_product.o(i.HAL_TIM_PeriodElapsedCallback) refers to hal_key.o(i.keyHandle) for keyHandle
    gizwits_product.o(i.HAL_TIM_PeriodElapsedCallback) refers to gizwits_product.o(i.gizTimerMs) for gizTimerMs
    gizwits_product.o(i.HAL_TIM_PeriodElapsedCallback) refers to hal_inf_receiver.o(i.Add_Inf_Receiver_Time) for Add_Inf_Receiver_Time
    gizwits_product.o(i.HAL_TIM_PeriodElapsedCallback) refers to tim.o(.bss) for htim2
    gizwits_product.o(i.HAL_TIM_PeriodElapsedCallback) refers to main.o(.data) for keys
    gizwits_product.o(i.HAL_UART_RxCpltCallback) refers to gizwits_protocol.o(i.gizPutData) for gizPutData
    gizwits_product.o(i.HAL_UART_RxCpltCallback) refers to stm32f1xx_hal_uart.o(i.HAL_UART_Receive_IT) for HAL_UART_Receive_IT
    gizwits_product.o(i.HAL_UART_RxCpltCallback) refers to gizwits_product.o(.data) for .data
    gizwits_product.o(i.HAL_UART_RxCpltCallback) refers to usart.o(.bss) for huart2
    gizwits_product.o(i.fputc) refers to stm32f1xx_hal_uart.o(i.HAL_UART_Transmit) for HAL_UART_Transmit
    gizwits_product.o(i.fputc) refers to usart.o(.bss) for huart1
    gizwits_product.o(i.gizGetTimerCount) refers to gizwits_product.o(.data) for .data
    gizwits_product.o(i.gizTimerMs) refers to gizwits_product.o(.data) for .data
    gizwits_product.o(i.gizwitsEventProcess) refers to printfa.o(i.__0printf) for __2printf
    gizwits_product.o(i.gizwitsEventProcess) refers to hal_led.o(i.Control_Led) for Control_Led
    gizwits_product.o(i.gizwitsEventProcess) refers to hal_buzzer.o(i.Control_Buzzer_State) for Control_Buzzer_State
    gizwits_product.o(i.gizwitsEventProcess) refers to hal_relay.o(i.Control_Relay) for Control_Relay
    gizwits_product.o(i.gizwitsEventProcess) refers to hal_dcout.o(i.Set_Dcout_State) for Set_Dcout_State
    gizwits_product.o(i.gizwitsEventProcess) refers to hal_rgb_my9291.o(i.My9291_Send_Duty) for My9291_Send_Duty
    gizwits_product.o(i.gizwitsEventProcess) refers to gizwits_product.o(.bss) for .bss
    gizwits_product.o(i.mcuRestart) refers to stm32f1xx_hal_cortex.o(i.HAL_NVIC_SystemReset) for HAL_NVIC_SystemReset
    gizwits_product.o(i.timerInit) refers to stm32f1xx_hal_tim.o(i.HAL_TIM_Base_Start_IT) for HAL_TIM_Base_Start_IT
    gizwits_product.o(i.timerInit) refers to tim.o(.bss) for htim2
    gizwits_product.o(i.uartInit) refers to stm32f1xx_hal_uart.o(i.HAL_UART_Receive_IT) for HAL_UART_Receive_IT
    gizwits_product.o(i.uartInit) refers to gizwits_product.o(.data) for .data
    gizwits_product.o(i.uartInit) refers to usart.o(.bss) for huart2
    gizwits_product.o(i.uartWrite) refers to stm32f1xx_hal_uart.o(i.HAL_UART_Transmit_IT) for HAL_UART_Transmit_IT
    gizwits_product.o(i.uartWrite) refers to printfa.o(i.__0printf) for __2printf
    gizwits_product.o(i.uartWrite) refers to usart.o(.bss) for huart2
    gizwits_product.o(i.uartWrite) refers to gizwits_product.o(.data) for .data
    gizwits_product.o(i.userHandle) refers to hal_temp_hum.o(i.dht11ReadData) for dht11ReadData
[...]
    i.HAL_UART_TxCpltCallback                0x08002484   Section        0  stm32f1xx_hal_uart.o(i.HAL_UART_TxCpltCallback)
    i.HardFault_Handler                      0x08002486   Section        0  stm32f1xx_it.o(i.HardFault_Handler)
    i.IIC_Start                              0x08002488   Section        0  hal_oled.o(i.IIC_Start)
    i.IIC_Stop                               0x080024bc   Section        0  hal_oled.o(i.IIC_Stop)
    i.IIC_Wait_Ack                           0x080024e8   Section        0  hal_oled.o(i.IIC_Wait_Ack)
    i.Init_Buzzer                            0x08002508   Section        0  hal_buzzer.o(i.Init_Buzzer)
    i.Init_My9291                            0x08002518   Section        0  hal_rgb_my9291.o(i.Init_My9291)
    i.MX_ADC1_Init                           0x08002540   Section        0  adc.o(i.MX_ADC1_Init)
    i.MX_GPIO_Init                           0x08002590   Section        0  gpio.o(i.MX_GPIO_Init)
    i.MX_TIM2_Init                           0x0800270c   Section        0  tim.o(i.MX_TIM2_Init)
    i.MX_TIM3_Init                           0x08002770   Section        0  tim.o(i.MX_TIM3_Init)
    i.MX_USART1_UART_Init                    0x080027d4   Section        0  usart.o(i.MX_USART1_UART_Init)
    i.MX_USART2_UART_Init                    0x0800280c   Section        0  usart.o(i.MX_USART2_UART_Init)
    i.MemManage_Handler                      0x08002844   Section        0  stm32f1xx_it.o(i.MemManage_Handler)
    i.My9291_Send_Duty                       0x08002848   Section        0  hal_rgb_my9291.o(i.My9291_Send_Duty)
    i.NMI_Handler                            0x08002934   Section        0  stm32f1xx_it.o(i.NMI_Handler)
    i.OLED_Clear                             0x08002936   Section        0  hal_oled.o(i.OLED_Clear)
    i.OLED_DrawBMP                           0x08002970   Section        0  hal_oled.o(i.OLED_DrawBMP)
    i.OLED_Init                              0x080029b0   Section        0  hal_oled.o(i.OLED_Init)
    i.OLED_Set_Pos                           0x08002aa4   Section        0  hal_oled.o(i.OLED_Set_Pos)
    i.OLED_Test                              0x08002ad0   Section        0  hal_oled.o(i.OLED_Test)
    i.OLED_WR_Byte                           0x08002aec   Section        0  hal_oled.o(i.OLED_WR_Byte)
    i.PendSV_Handler                         0x08002af8   Section        0  stm32f1xx_it.o(i.PendSV_Handler)
    i.SVC_Handler                            0x08002afa   Section        0  stm32f1xx_it.o(i.SVC_Handler)
    i.Set_Dcout_State                        0x08002afc   Section        0  hal_dcout.o(i.Set_Dcout_State)
    i.SysTick_Handler                        0x08002b14   Section        0  stm32f1xx_it.o(i.SysTick_Handler)
    i.SystemClock_Config                     0x08002b18   Section        0  main.o(i.SystemClock_Config)
    i.SystemInit                             0x08002b7c   Section        0  system_stm32f1xx.o(i.SystemInit)
    i.TIM2_IRQHandler                        0x08002bc4   Section        0  stm32f1xx_it.o(i.TIM2_IRQHandler)
    i.TIM3_IRQHandler                        0x08002bd0   Section        0  stm32f1xx_it.o(i.TIM3_IRQHandler)
    i.TIM_Base_SetConfig                     0x08002bdc   Section        0  stm32f1xx_hal_tim.o(i.TIM_Base_SetConfig)
    i.TIM_ETR_SetConfig                      0x08002c68   Section        0  stm32f1xx_hal_tim.o(i.TIM_ETR_SetConfig)
    i.TIM_ITRx_SetConfig                     0x08002c7c   Section        0  stm32f1xx_hal_tim.o(i.TIM_ITRx_SetConfig)
    TIM_ITRx_SetConfig                       0x08002c7d   Thumb Code    16  stm32f1xx_hal_tim.o(i.TIM_ITRx_SetConfig)
    i.TIM_TI1_ConfigInputStage               0x08002c8c   Section        0  stm32f1xx_hal_tim.o(i.TIM_TI1_ConfigInputStage)
    TIM_TI1_ConfigInputStage                 0x08002c8d   Thumb Code    34  stm32f1xx_hal_tim.o(i.TIM_TI1_ConfigInputStage)
    i.TIM_TI2_ConfigInputStage               0x08002cae   Section        0  stm32f1xx_hal_tim.o(i.TIM_TI2_ConfigInputStage)
    TIM_TI2_ConfigInputStage                 0x08002caf   Thumb Code    36  stm32f1xx_hal_tim.o(i.TIM_TI2_ConfigInputStage)
    i.UART_DMAAbortOnError                   0x08002cd2   Section        0  stm32f1xx_hal_uart.o(i.UART_DMAAbortOnError)
    UART_DMAAbortOnError                     0x08002cd3   Thumb Code    16  stm32f1xx_hal_uart.o(i.UART_DMAAbortOnError)
    i.UART_EndRxTransfer                     0x08002ce2   Section        0  stm32f1xx_hal_uart.o(i.UART_EndRxTransfer)
    UART_EndRxTransfer                       0x08002ce3   Thumb Code    28  stm32f1xx_hal_uart.o(i.UART_EndRxTransfer)
    i.UART_Receive_IT                        0x08002cfe   Section        0  stm32f1xx_hal_uart.o(i.UART_Receive_IT)
    UART_Receive_IT                          0x08002cff   Thumb Code   150  stm32f1xx_hal_uart.o(i.UART_Receive_IT)
    i.UART_SetConfig                         0x08002d94   Section        0  stm32f1xx_hal_uart.o(i.UART_SetConfig)
    UART_SetConfig                           0x08002d95   Thumb Code   178  stm32f1xx_hal_uart.o(i.UART_SetConfig)
    i.UART_Transmit_IT                       0x08002e4c   Section        0  stm32f1xx_hal_uart.o(i.UART_Transmit_IT)
    UART_Transmit_IT                         0x08002e4d   Thumb Code    98  stm32f1xx_hal_uart.o(i.UART_Transmit_IT)
    i.UART_WaitOnFlagUntilTimeout            0x08002eae   Section        0  stm32f1xx_hal_uart.o(i.UART_WaitOnFlagUntilTimeout)
    UART_WaitOnFlagUntilTimeout              0x08002eaf   Thumb Code   100  stm32f1xx_hal_uart.o(i.UART_WaitOnFlagUntilTimeout)
    i.USART2_IRQHandler                      0x08002f14   Section        0  stm32f1xx_it.o(i.USART2_IRQHandler)
    i.UsageFault_Handler                     0x08002f20   Section        0  stm32f1xx_it.o(i.UsageFault_Handler)
    i.Write_IIC_Byte                         0x08002f24   Section        0  hal_oled.o(i.Write_IIC_Byte)
    i.Write_IIC_Command                      0x08002f64   Section        0  hal_oled.o(i.Write_IIC_Command)
    i.Write_IIC_Data                         0x08002f92   Section        0  hal_oled.o(i.Write_IIC_Data)
    i.__0printf                              0x08002fc0   Section        0  printfa.o(i.__0printf)
    i.__NVIC_SetPriority                     0x08002fe0   Section        0  stm32f1xx_hal_cortex.o(i.__NVIC_SetPriority)
    __NVIC_SetPriority                       0x08002fe1   Thumb Code    32  stm32f1xx_hal_cortex.o(i.__NVIC_SetPriority)
    i.__scatterload_copy                     0x08003000   Section       14  handlers.o(i.__scatterload_copy)
    i.__scatterload_null                     0x0800300e   Section        2  handlers.o(i.__scatterload_null)
    i.__scatterload_zeroinit                 0x08003010   Section       14  handlers.o(i.__scatterload_zeroinit)
    i._fp_digits                             0x08003020   Section        0  printfa.o(i._fp_digits)
    _fp_digits                               0x08003021   Thumb Code   366  printfa.o(i._fp_digits)
    i._printf_core                           0x080031a4   Section        0  printfa.o(i._printf_core)
    _printf_core                             0x080031a5   Thumb Code  1744  printfa.o(i._printf_core)
    i._printf_post_padding                   0x08003880   Section        0  printfa.o(i._printf_post_padding)
    _printf_post_padding                     0x08003881   Thumb Code    36  printfa.o(i._printf_post_padding)
    i._printf_pre_padding                    0x080038a4   Section        0  printfa.o(i._printf_pre_padding)
    _printf_pre_padding                      0x080038a5   Thumb Code    46  printfa.o(i._printf_pre_padding)
    i.dht11ReadByte                          0x080038d4   Section        0  hal_temp_hum.o(i.dht11ReadByte)
    dht11ReadByte                            0x080038d5   Thumb Code   102  hal_temp_hum.o(i.dht11ReadByte)
    i.dht11ReadData                          0x08003940   Section        0  hal_temp_hum.o(i.dht11ReadData)
    i.exchangeBytes                          0x080039f8   Section        0  common.o(i.exchangeBytes)
    i.exchangeWord                           0x08003a08   Section        0  common.o(i.exchangeWord)
    i.fputc                                  0x08003a0c   Section        0  gizwits_product.o(i.fputc)
    i.getKey                                 0x08003a24   Section        0  hal_key.o(i.getKey)
    i.gizAcrossByteJudge                     0x08003a7c   Section        0  datapointtools.o(i.gizAcrossByteJudge)
    i.gizByteOrderExchange                   0x08003a9a   Section        0  datapointtools.o(i.gizByteOrderExchange)
    i.gizCheckReport                         0x08003ac0   Section        0  gizwits_protocol.o(i.gizCheckReport)
    gizCheckReport                           0x08003ac1   Thumb Code   422  gizwits_protocol.o(i.gizCheckReport)
    i.gizDataPoint2Event                     0x08003e08   Section        0  gizwits_protocol.o(i.gizDataPoint2Event)
    gizDataPoint2Event                       0x08003e09   Thumb Code   468  gizwits_protocol.o(i.gizDataPoint2Event)
    i.gizDataPoints2ReportData               0x08004024   Section        0  gizwits_protocol.o(i.gizDataPoints2ReportData)
    gizDataPoints2ReportData                 0x08004025   Thumb Code   330  gizwits_protocol.o(i.gizDataPoints2ReportData)
    i.gizDevReportPolicy                     0x080041a4   Section        0  gizwits_protocol.o(i.gizDevReportPolicy)
    gizDevReportPolicy                       0x080041a5   Thumb Code   130  gizwits_protocol.o(i.gizDevReportPolicy)
    i.gizGetTimerCount                       0x08004264   Section        0  gizwits_product.o(i.gizGetTimerCount)
    i.gizProtocolAckHandle                   0x08004270   Section        0  gizwits_protocol.o(i.gizProtocolAckHandle)
    gizProtocolAckHandle                     0x08004271   Thumb Code    78  gizwits_protocol.o(i.gizProtocolAckHandle)
    i.gizProtocolCommonAck                   0x080042ec   Section        0  gizwits_protocol.o(i.gizProtocolCommonAck)
    gizProtocolCommonAck                     0x080042ed   Thumb Code    80  gizwits_protocol.o(i.gizProtocolCommonAck)
    i.gizProtocolErrorCmd                    0x08004384   Section        0  gizwits_protocol.o(i.gizProtocolErrorCmd)
    gizProtocolErrorCmd                      0x08004385   Thumb Code    88  gizwits_protocol.o(i.gizProtocolErrorCmd)
    i.gizProtocolGetDeviceInfo               0x08004424   Section        0  gizwits_protocol.o(i.gizProtocolGetDeviceInfo)
    gizProtocolGetDeviceInfo                 0x08004425   Thumb Code   180  gizwits_protocol.o(i.gizProtocolGetDeviceInfo)
    i.gizProtocolGetOnePacket                0x0800459c   Section        0  gizwits_protocol.o(i.gizProtocolGetOnePacket)
    gizProtocolGetOnePacket                  0x0800459d   Thumb Code   298  gizwits_protocol.o(i.gizProtocolGetOnePacket)
    i.gizProtocolHeadInit                    0x080046fc   Section        0  gizwits_protocol.o(i.gizProtocolHeadInit)
    gizProtocolHeadInit                      0x080046fd   Thumb Code    32  gizwits_protocol.o(i.gizProtocolHeadInit)
    i.gizProtocolIssuedDataAck               0x08004748   Section        0  gizwits_protocol.o(i.gizProtocolIssuedDataAck)
    gizProtocolIssuedDataAck                 0x08004749   Thumb Code   198  gizwits_protocol.o(i.gizProtocolIssuedDataAck)
    i.gizProtocolIssuedProcess               0x08004868   Section        0  gizwits_protocol.o(i.gizProtocolIssuedProcess)
    gizProtocolIssuedProcess                 0x08004869   Thumb Code   194  gizwits_protocol.o(i.gizProtocolIssuedProcess)
    i.gizProtocolModuleStatus                0x08004960   Section        0  gizwits_protocol.o(i.gizProtocolModuleStatus)
    gizProtocolModuleStatus                  0x08004961   Thumb Code   574  gizwits_protocol.o(i.gizProtocolModuleStatus)
    i.gizProtocolNTP                         0x08004d74   Section        0  gizwits_protocol.o(i.gizProtocolNTP)
    gizProtocolNTP                           0x08004d75   Thumb Code    90  gizwits_protocol.o(i.gizProtocolNTP)
    i.gizProtocolResendData                  0x08004dec   Section        0  gizwits_protocol.o(i.gizProtocolResendData)
    gizProtocolResendData                    0x08004ded   Thumb Code    54  gizwits_protocol.o(i.gizProtocolResendData)
    i.gizProtocolSum                         0x08004e60   Section        0  common.o(i.gizProtocolSum)
    i.gizProtocolWaitAck                     0x08004e84   Section        0  gizwits_protocol.o(i.gizProtocolWaitAck)
    gizProtocolWaitAck                       0x08004e85   Thumb Code    66  gizwits_protocol.o(i.gizProtocolWaitAck)
    i.gizProtocolWaitAckCheck                0x08004ee4   Section        0  gizwits_protocol.o(i.gizProtocolWaitAckCheck)
    gizProtocolWaitAckCheck                  0x08004ee5   Thumb Code    42  gizwits_protocol.o(i.gizProtocolWaitAckCheck)
    i.gizPutData                             0x08004f2c   Section        0  gizwits_protocol.o(i.gizPutData)
    i.gizReportData                          0x08004f94   Section        0  gizwits_protocol.o(i.gizReportData)
    gizReportData                            0x08004f95   Thumb Code   128  gizwits_protocol.o(i.gizReportData)
    i.gizStandardCompressValue               0x0800505c   Section        0  datapointtools.o(i.gizStandardCompressValue)
    i.gizStandardDecompressionValue          0x080050ac   Section        0  datapointtools.o(i.gizStandardDecompressionValue)
    i.gizTimerMs                             0x08005130   Section        0  gizwits_product.o(i.gizTimerMs)
    i.gizX2Y                                 0x08005140   Section        0  datapointtools.o(i.gizX2Y)
    i.gizY2X                                 0x08005146   Section        0  datapointtools.o(i.gizY2X)
    i.gizY2XFloat                            0x0800514e   Section        0  datapointtools.o(i.gizY2XFloat)
    i.gizwitsEventProcess                    0x08005168   Section        0  gizwits_product.o(i.gizwitsEventProcess)
    i.gizwitsHandle                          0x08005478   Section        0  gizwits_protocol.o(i.gizwitsHandle)
    i.gizwitsInit                            0x080057c0   Section        0  gizwits_protocol.o(i.gizwitsInit)
    i.gizwitsSetMode                         0x08005820   Section        0  gizwits_protocol.o(i.gizwitsSetMode)
    i.key1LongPress                          0x08005938   Section        0  main.o(i.key1LongPress)
    i.key1ShortPress                         0x0800596c   Section        0  main.o(i.key1ShortPress)
    i.key2LongPress                          0x080059a0   Section        0  main.o(i.key2LongPress)
    i.key2ShortPress                         0x080059d4   Section        0  main.o(i.key2ShortPress)
    i.keyHandle                              0x08005a04   Section        0  hal_key.o(i.keyHandle)
    i.keyInit                                0x08005a84   Section        0  main.o(i.keyInit)
    i.keyInitOne                             0x08005b00   Section        0  hal_key.o(i.keyInitOne)
    i.keyParaInit                            0x08005b40   Section        0  hal_key.o(i.keyParaInit)
    i.main                                   0x08005b58   Section        0  main.o(i.main)
    i.mcuRestart                             0x08005bcc   Section        0  gizwits_product.o(i.mcuRestart)
    i.my9291_dcki_pulse                      0x08005bd8   Section        0  hal_rgb_my9291.o(i.my9291_dcki_pulse)
    i.my9291_di_pulse                        0x08005c0c   Section        0  hal_rgb_my9291.o(i.my9291_di_pulse)
    i.my9291_send_command                    0x08005c40   Section        0  hal_rgb_my9291.o(i.my9291_send_command)
    i.rbCanRead                              0x08005ce4   Section        0  ringbuffer.o(i.rbCanRead)
    i.rbCanWrite                             0x08005d16   Section        0  ringbuffer.o(i.rbCanWrite)
    i.rbCapacity                             0x08005d32   Section        0  ringbuffer.o(i.rbCapacity)
    i.rbCreate                               0x08005d3e   Section        0  ringbuffer.o(i.rbCreate)
    i.rbRead                                 0x08005d50   Section        0  ringbuffer.o(i.rbRead)
    i.rbWrite                                0x08005dce   Section        0  ringbuffer.o(i.rbWrite)
    i.readKeyValue                           0x08005e5c   Section        0  hal_key.o(i.readKeyValue)
    i.timerInit                              0x08005ee4   Section        0  gizwits_product.o(i.timerInit)
    i.uartInit                               0x08005ef0   Section        0  gizwits_product.o(i.uartInit)
    i.uartWrite                              0x08005f04   Section        0  gizwits_product.o(i.uartWrite)
    i.userHandle                             0x08005fbc   Section        0  gizwits_product.o(i.userHandle)
    i.userInit                               0x08006068   Section        0  gizwits_product.o(i.userInit)
    .constdata                               0x08006074   Section     4056  hal_oled.o(.constdata)
    .constdata                               0x0800704c   Section        1  hal_rgb_my9291.o(.constdata)
    .constdata                               0x0800704d   Section       16  system_stm32f1xx.o(.constdata)
    .constdata                               0x0800705d   Section        8  system_stm32f1xx.o(.constdata)
    .data                                    0x20000000   Section       12  gizwits_product.o(.data)
    oldTime                                  0x20000004   Data           4  gizwits_product.o(.data)
    timerMsCount                             0x20000008   Data           4  gizwits_product.o(.data)
    .data                                    0x2000000c   Section       16  gizwits_protocol.o(.data)
    protocolFlag                             0x2000000c   Data           1  gizwits_protocol.o(.data)
    lastData                                 0x2000000d   Data           1  gizwits_protocol.o(.data)
    debugCount                               0x2000000e   Data           1  gizwits_protocol.o(.data)
    protocolCount                            0x20000010   Data           2  gizwits_protocol.o(.data)
    lastStatus                               0x20000012   Data           2  gizwits_protocol.o(.data)
    lastReportTime                           0x20000014   Data           4  gizwits_protocol.o(.data)
    lastRepTime                              0x20000018   Data           4  gizwits_protocol.o(.data)
    .data                                    0x2000001c   Section        4  hal_inf_receiver.o(.data)
    .data                                    0x20000020   Section        2  hal_infrared_tube.o(.data)
    gInfTubeState                            0x20000020   Data           1  hal_infrared_tube.o(.data)
    gTrigger                                 0x20000021   Data           1  hal_infrared_tube.o(.data)
    .data                                    0x20000022   Section       10  hal_key.o(.data)
    keyTotolNum                              0x20000022   Data           1  hal_key.o(.data)
    keyCheck                                 0x20000023   Data           1  hal_key.o(.data)
    keyState                                 0x20000024   Data           1  hal_key.o(.data)
    key_total                                0x20000025   Data           1  hal_key.o(.data)
    keyLongCheck                             0x20000028   Data           2  hal_key.o(.data)
    keyPrev                                  0x2000002a   Data           2  hal_key.o(.data)
    .data                                    0x2000002c   Section        2  hal_pyr.o(.data)
    gPyrState                                0x2000002c   Data           1  hal_pyr.o(.data)
    gTrigger                                 0x2000002d   Data           1  hal_pyr.o(.data)
    .data                                    0x20000030   Section        8  hal_rgb_my9291.o(.data)
    count                                    0x20000034   Data           4  hal_rgb_my9291.o(.data)
    .data                                    0x20000038   Section        4  delay.o(.data)
    fac_us                                   0x20000038   Data           1  delay.o(.data)
    fac_ms                                   0x2000003a   Data           2  delay.o(.data)
    .data                                    0x2000003c   Section        5  main.o(.data)
    .data                                    0x20000044   Section        4  system_stm32f1xx.o(.data)
    .data                                    0x20000048   Section       12  stm32f1xx_hal.o(.data)
    .data                                    0x20000054   Section        4  stdout.o(.data)
    .bss                                     0x20000058   Section       41  gizwits_product.o(.bss)
    .bss                                     0x20000081   Section      503  gizwits_protocol.o(.bss)
    rbBuf                                    0x20000230   Data          72  gizwits_protocol.o(.bss)
    .bss                                     0x20000278   Section       96  hal_inf_receiver.o(.bss)
    .bss                                     0x200002d8   Section       42  main.o(.bss)
    .bss                                     0x20000304   Section       48  adc.o(.bss)
    .bss                                     0x20000334   Section      128  tim.o(.bss)
    .bss                                     0x200003b4   Section      128  usart.o(.bss)
    STACK                                    0x20000438   Section     8192  startup_stm32f103xe.o(STACK)

    Global Symbols

    Symbol Name                              Value     Ov Type        Size  Object(Section)

    BuildAttributes$$THM_ISAv4$P$D$K$B$S$PE$A:L22UL41UL21$X:L11$S22US41US21$IEEE1$IW$USESV6$~STKCKD$USESV7$~SHL$OTIME$ROPI$EBA8$MICROLIB$REQ8$PRES8$EABIv2 0x00000000   Number         0  anon$$obj.o ABSOLUTE
    __ARM_use_no_argv                        0x00000000   Number         0  main.o ABSOLUTE
    _printf_a                                0x00000000   Number         0  stubs.o ABSOLUTE
    _printf_c                                0x00000000   Number         0  stubs.o ABSOLUTE
    _printf_charcount                        0x00000000   Number         0  stubs.o ABSOLUTE
    _printf_d                                0x00000000   Number         0  stubs.o ABSOLUTE
    _printf_e                                0x00000000   Number         0  stubs.o ABSOLUTE
    _printf_f                                0x00000000   Number         0  stubs.o ABSOLUTE
    _printf_flags                            0x00000000   Number         0  stubs.o ABSOLUTE
    _printf_fp_dec                           0x00000000   Number         0  stubs.o ABSOLUTE
    _printf_fp_hex                           0x00000000   Number         0  stubs.o ABSOLUTE
    _printf_g                                0x00000000   Number         0  stubs.o ABSOLUTE
    _printf_i                                0x00000000   Number         0  stubs.o ABSOLUTE
    _printf_int_dec                          0x00000000   Number         0  stubs.o ABSOLUTE
    _printf_l                                0x00000000   Number         0  stubs.o ABSOLUTE
    _printf_lc                               0x00000000   Number         0  stubs.o ABSOLUTE
    _printf_ll                               0x00000000   Number         0  stubs.o ABSOLUTE
    _printf_lld                              0x00000000   Number         0  stubs.o ABSOLUTE
    _printf_lli                              0x00000000   Number         0  stubs.o ABSOLUTE
    _printf_llo                              0x00000000   Number         0  stubs.o ABSOLUTE
    _printf_llu                              0x00000000   Number         0  stubs.o ABSOLUTE
    _printf_llx                              0x00000000   Number         0  stubs.o ABSOLUTE
    _printf_longlong_dec                     0x00000000   Number         0  stubs.o ABSOLUTE
    _printf_longlong_hex                     0x00000000   Number         0  stubs.o ABSOLUTE
    _printf_longlong_oct                     0x00000000   Number         0  stubs.o ABSOLUTE
    _printf_ls                               0x00000000   Number         0  stubs.o ABSOLUTE
    _printf_mbtowc                           0x00000000   Number         0  stubs.o ABSOLUTE
    _printf_n                                0x00000000   Number         0  stubs.o ABSOLUTE
    _printf_o                                0x00000000   Number         0  stubs.o ABSOLUTE
    _printf_p                                0x00000000   Number         0  stubs.o ABSOLUTE
    _printf_percent                          0x00000000   Number         0  stubs.o ABSOLUTE
    _printf_pre_padding                      0x00000000   Number         0  stubs.o ABSOLUTE
    _printf_return_value                     0x00000000   Number         0  stubs.o ABSOLUTE
    _printf_s                                0x00000000   Number         0  stubs.o ABSOLUTE
    _printf_sizespec                         0x00000000   Number         0  stubs.o ABSOLUTE
    _printf_str                              0x00000000   Number         0  stubs.o ABSOLUTE
    _printf_truncate_signed                  0x00000000   Number         0  stubs.o ABSOLUTE
    _printf_truncate_unsigned                0x00000000   Number         0  stubs.o ABSOLUTE
    _printf_u                                0x00000000   Number         0  stubs.o ABSOLUTE
    _printf_wc                               0x00000000   Number         0  stubs.o ABSOLUTE
    _printf_wctomb                           0x00000000   Number         0  stubs.o ABSOLUTE
    _printf_widthprec                        0x00000000   Number         0  stubs.o ABSOLUTE
    _printf_x                                0x00000000   Number         0  stubs.o ABSOLUTE
    __cpp_initialize__aeabi_                  - Undefined Weak Reference
    __cxa_finalize                            - Undefined Weak Reference
    __decompress                              - Undefined Weak Reference
    _clock_init                               - Undefined Weak Reference
    _microlib_exit                            - Undefined Weak Reference
    __Vectors_Size                           0x00000130   Number         0  startup_stm32f103xe.o ABSOLUTE
    __Vectors                                0x08000000   Data           4  startup_stm32f103xe.o(RESET)
    __Vectors_End                            0x08000130   Data           0  startup_stm32f103xe.o(RESET)
    __main                                   0x08000131   Thumb Code     0  entry.o(.ARM.Collect$$$$00000000)
    _main_stk                                0x08000131   Thumb Code     0  entry2.o(.ARM.Collect$$$$00000001)
    _main_scatterload                        0x08000135   Thumb Code     0  entry5.o(.ARM.Collect$$$$00000004)
    __main_after_scatterload                 0x08000139   Thumb Code     0  entry5.o(.ARM.Collect$$$$00000004)
    _main_clock                              0x08000139   Thumb Code     0  entry7b.o(.ARM.Collect$$$$00000008)
    _main_cpp_init                           0x08000139   Thumb Code     0  entry8b.o(.ARM.Collect$$$$0000000A)
    _main_init                               0x08000139   Thumb Code     0  entry9a.o(.ARM.Collect$$$$0000000B)
    __rt_final_cpp                           0x08000141   Thumb Code     0  entry10a.o(.ARM.Collect$$$$0000000D)
    __rt_final_exit                          0x08000141   Thumb Code     0  entry11a.o(.ARM.Collect$$$$0000000F)
    Reset_Handler                            0x08000145   Thumb Code     8  startup_stm32f103xe.o(.text)
    ADC1_2_IRQHandler                        0x0800015f   Thumb Code     0  startup_stm32f103xe.o(.text)
    ADC3_IRQHandler                          0x0800015f   Thumb Code     0  startup_stm32f103xe.o(.text)
    CAN1_RX1_IRQHandler                      0x0800015f   Thumb Code     0  startup_stm32f103xe.o(.text)
    CAN1_SCE_IRQHandler                      0x0800015f   Thumb Code     0  startup_stm32f103xe.o(.text)
    DMA1_Channel1_IRQHandler                 0x0800015f   Thumb Code     0  startup_stm32f103xe.o(.text)
    DMA1_Channel2_IRQHandler                 0x0800015f   Thumb Code     0  startup_stm32f103xe.o(.text)
    DMA1_Channel3_IRQHandler                 0x0800015f   Thumb Code     0  startup_stm32f103xe.o(.text)
    DMA1_Channel4_IRQHandler                 0x0800015f   Thumb Code     0  startup_stm32f103xe.o(.text)
    DMA1_Channel5_IRQHandler                 0x0800015f   Thumb Code     0  startup_stm32f103xe.o(.text)
    DMA1_Channel6_IRQHandler                 0x0800015f   Thumb Code     0  startup_stm32f103xe.o(.text)
    DMA1_Channel7_IRQHandler                 0x0800015f   Thumb Code     0  startup_stm32f103xe.o(.text)
    DMA2_Channel1_IRQHandler                 0x0800015f   Thumb Code     0  startup_stm32f103xe.o(.text)
    DMA2_Channel2_IRQHandler                 0x0800015f   Thumb Code     0  startup_stm32f103xe.o(.text)
    DMA2_Channel3_IRQHandler                 0x0800015f   Thumb Code     0  startup_stm32f103xe.o(.text)
    DMA2_Channel4_5_IRQHandler               0x0800015f   Thumb Code     0  startup_stm32f103xe.o(.text)
    EXTI0_IRQHandler                         0x0800015f   Thumb Code     0  startup_stm32f103xe.o(.text)
    EXTI15_10_IRQHandler                     0x0800015f   Thumb Code     0  startup_stm32f103xe.o(.text)
    EXTI3_IRQHandler                         0x0800015f   Thumb Code     0  startup_stm32f103xe.o(.text)
    EXTI9_5_IRQHandler                       0x0800015f   Thumb Code     0  startup_stm32f103xe.o(.text)
    FLASH_IRQHandler                         0x0800015f   Thumb Code     0  startup_stm32f103xe.o(.text)
    FSMC_IRQHandler                          0x0800015f   Thumb Code     0  startup_stm32f103xe.o(.text)
    I2C1_ER_IRQHandler                       0x0800015f   Thumb Code     0  startup_stm32f103xe.o(.text)
    I2C1_EV_IRQHandler                       0x0800015f   Thumb Code     0  startup_stm32f103xe.o(.text)
    I2C2_ER_IRQHandler                       0x0800015f   Thumb Code     0  startup_stm32f103xe.o(.text)
    I2C2_EV_IRQHandler                       0x0800015f   Thumb Code     0  startup_stm32f103xe.o(.text)
    PVD_IRQHandler                           0x0800015f   Thumb Code     0  startup_stm32f103xe.o(.text)
    RCC_IRQHandler                           0x0800015f   Thumb Code     0  startup_stm32f103xe.o(.text)
    RTC_Alarm_IRQHandler                     0x0800015f   Thumb Code     0  startup_stm32f103xe.o(.text)
    RTC_IRQHandler                           0x0800015f   Thumb Code     0  startup_stm32f103xe.o(.text)
    SDIO_IRQHandler                          0x0800015f   Thumb Code     0  startup_stm32f103xe.o(.text)
    SPI1_IRQHandler                          0x0800015f   Thumb Code     0  startup_stm32f103xe.o(.text)
    SPI2_IRQHandler                          0x0800015f   Thumb Code     0  startup_stm32f103xe.o(.text)
    SPI3_IRQHandler                          0x0800015f   Thumb Code     0  startup_stm32f103xe.o(.text)
    TAMPER_IRQHandler                        0x0800015f   Thumb Code     0  startup_stm32f103xe.o(.text)
    TIM1_BRK_IRQHandler                      0x0800015f   Thumb Code     0  startup_stm32f103xe.o(.text)
    TIM1_CC_IRQHandler                       0x0800015f   Thumb Code     0  startup_stm32f103xe.o(.text)
    TIM1_TRG_COM_IRQHandler                  0x0800015f   Thumb Code     0  startup_stm32f103xe.o(.text)
    TIM1_UP_IRQHandler                       0x0800015f   Thumb Code     0  startup_stm32f103xe.o(.text)
    TIM4_IRQHandler                          0x0800015f   Thumb Code     0  startup_stm32f103xe.o(.text)
    TIM5_IRQHandler                          0x0800015f   Thumb Code     0  startup_stm32f103xe.o(.text)
    TIM6_IRQHandler                          0x0800015f   Thumb Code     0  startup_stm32f103xe.o(.text)
    TIM7_IRQHandler                          0x0800015f   Thumb Code     0  startup_stm32f103xe.o(.text)
    TIM8_BRK_IRQHandler                      0x0800015f   Thumb Code     0  startup_stm32f103xe.o(.text)
    TIM8_CC_IRQHandler                       0x0800015f   Thumb Code     0  startup_stm32f103xe.o(.text)
    TIM8_TRG_COM_IRQHandler                  0x0800015f   Thumb Code     0  startup_stm32f103xe.o(.text)
    TIM8_UP_IRQHandler                       0x0800015f   Thumb Code     0  startup_stm32f103xe.o(.text)
    UART4_IRQHandler                         0x0800015f   Thumb Code     0  startup_stm32f103xe.o(.text)
    UART5_IRQHandler                         0x0800015f   Thumb Code     0  startup_stm32f103xe.o(.text)
    USART1_IRQHandler                        0x0800015f   Thumb Code     0  startup_stm32f103xe.o(.text)
    USART3_IRQHandler                        0x0800015f   Thumb Code     0  startup_stm32f103xe.o(.text)
    USBWakeUp_IRQHandler                     0x0800015f   Thumb Code     0  startup_stm32f103xe.o(.text)
    USB_HP_CAN1_TX_IRQHandler                0x0800015f   Thumb Code     0  startup_stm32f103xe.o(.text)
    USB_LP_CAN1_RX0_IRQHandler               0x0800015f   Thumb Code     0  startup_stm32f103xe.o(.text)
    WWDG_IRQHandler                          0x0800015f   Thumb Code     0  startup_stm32f103xe.o(.text)
    __aeabi_llsr                             0x08000169   Thumb Code    32  llushr.o(.text)
    _ll_ushift_r                             0x08000169   Thumb Code     0  llushr.o(.text)
    __aeabi_memcpy                           0x08000189   Thumb Code    36  memcpya.o(.text)
    __aeabi_memcpy4                          0x08000189   Thumb Code     0  memcpya.o(.text)
    __aeabi_memcpy8                          0x08000189   Thumb Code     0  memcpya.o(.text)
    __aeabi_memset                           0x080001ad   Thumb Code    14  memseta.o(.text)
    __aeabi_memset4                          0x080001ad   Thumb Code     0  memseta.o(.text)
    __aeabi_memset8                          0x080001ad   Thumb Code     0  memseta.o(.text)
    __aeabi_memclr                           0x080001bb   Thumb Code     4  memseta.o(.text)
    __aeabi_memclr4                          0x080001bb   Thumb Code     0  memseta.o(.text)
    __aeabi_memclr8                          0x080001bb   Thumb Code     0  memseta.o(.text)
    _memset$wrapper                          0x080001bf   Thumb Code    18  memseta.o(.text)
    __aeabi_fadd                             0x080001d1   Thumb Code   164  fadd.o(.text)
    __aeabi_fsub                             0x08000275   Thumb Code     6  fadd.o(.text)
    __aeabi_frsub                            0x0800027b   Thumb Code     6  fadd.o(.text)
    __aeabi_fdiv                             0x08000281   Thumb Code   124  fdiv.o(.text)
    __aeabi_dmul                             0x080002fd   Thumb Code   228  dmul.o(.text)
    __ARM_scalbn                             0x080003e1   Thumb Code    46  dscalb.o(.text)
    scalbn                                   0x080003e1   Thumb Code     0  dscalb.o(.text)
    __aeabi_ui2d                             0x0800040f   Thumb Code    26  dfltui.o(.text)
    __aeabi_f2uiz                            0x08000429   Thumb Code    40  ffixui.o(.text)
    __aeabi_d2f                              0x08000451   Thumb Code    56  d2f.o(.text)
    __aeabi_cfcmpeq                          0x08000489   Thumb Code     0  cfcmple.o(.text)
    __aeabi_cfcmple                          0x08000489   Thumb Code    20  cfcmple.o(.text)
    __aeabi_uidiv                            0x0800049d   Thumb Code     0  uidiv.o(.text)
    __aeabi_uidivmod                         0x0800049d   Thumb Code    44  uidiv.o(.text)
    __aeabi_uldivmod                         0x080004c9   Thumb Code    98  uldiv.o(.text)
    __I$use$fp                               0x0800052b   Thumb Code     0  iusefp.o(.text)
    _float_round                             0x0800052b   Thumb Code    18  fepilogue.o(.text)
    _float_epilogue                          0x0800053d   Thumb Code    92  fepilogue.o(.text)
    _double_round                            0x08000599   Thumb Code    30  depilogue.o(.text)
    _double_epilogue                         0x080005b7   Thumb Code   156  depilogue.o(.text)
    __aeabi_dadd                             0x08000653   Thumb Code   322  dadd.o(.text)
    __aeabi_dsub                             0x08000795   Thumb Code     6  dadd.o(.text)
    __aeabi_drsub                            0x0800079b   Thumb Code     6  dadd.o(.text)
    __aeabi_ddiv                             0x080007a1   Thumb Code   222  ddiv.o(.text)
    __aeabi_d2ulz                            0x0800087f   Thumb Code    48  dfixul.o(.text)
    __aeabi_cdrcmple                         0x080008b1   Thumb Code    48  cdrcmple.o(.text)
    __scatterload                            0x080008e1   Thumb Code    28  init.o(.text)
    __scatterload_rt2                        0x080008e1   Thumb Code     0  init.o(.text)
    __aeabi_llsl                             0x08000905   Thumb Code    30  llshl.o(.text)
    _ll_shift_l                              0x08000905   Thumb Code     0  llshl.o(.text)
    __aeabi_lasr                             0x08000923   Thumb Code    36  llsshr.o(.text)
    _ll_sshift_r                             0x08000923   Thumb Code     0  llsshr.o(.text)
    ADC_ConversionStop_Disable               0x08000949   Thumb Code    76  stm32f1xx_hal_adc.o(i.ADC_ConversionStop_Disable)
    ADC_Enable                               0x08000995   Thumb Code   104  stm32f1xx_hal_adc.o(i.ADC_Enable)
    Add_Inf_Receiver_Time                    0x08000a05   Thumb Code    10  hal_inf_receiver.o(i.Add_Inf_Receiver_Time)
    BusFault_Handler                         0x08000a15   Thumb Code     2  stm32f1xx_it.o(i.BusFault_Handler)
    Check_Inf_Reciver_Data                   0x08000a19   Thumb Code   198  hal_inf_receiver.o(i.Check_Inf_Reciver_Data)
    Control_Buzzer_State                     0x08000b49   Thumb Code    20  hal_buzzer.o(i.Control_Buzzer_State)
    Control_Led                              0x08000b61   Thumb Code   100  hal_led.o(i.Control_Led)
    Control_Relay                            0x08000bcd   Thumb Code    20  hal_relay.o(i.Control_Relay)
    DHT11_IO_IN                              0x08000be5   Thumb Code    26  hal_temp_hum.o(i.DHT11_IO_IN)
    DHT11_IO_OUT                             0x08000c05   Thumb Code    22  hal_temp_hum.o(i.DHT11_IO_OUT)
    DebugMon_Handler                         0x08000c21   Thumb Code     2  stm32f1xx_it.o(i.DebugMon_Handler)
    Delay_Init                               0x08000c25   Thumb Code    38  delay.o(i.Delay_Init)
    Delay_Ms                                 0x08000c51   Thumb Code    36  delay.o(i.Delay_Ms)
    Delay_Us                                 0x08000c79   Thumb Code    36  delay.o(i.Delay_Us)
    EXTI1_IRQHandler                         0x08000ca1   Thumb Code     6  stm32f1xx_it.o(i.EXTI1_IRQHandler)
    EXTI2_IRQHandler                         0x08000ca7   Thumb Code     6  stm32f1xx_it.o(i.EXTI2_IRQHandler)
    EXTI4_IRQHandler                         0x08000cad   Thumb Code     6  stm32f1xx_it.o(i.EXTI4_IRQHandler)
    Error_Handler                            0x08000cb3   Thumb Code     2  main.o(i.Error_Handler)
    Get_InfTube_State                        0x08000cb5   Thumb Code    16  hal_infrared_tube.o(i.Get_InfTube_State)
    Get_Light_Str_Adc                        0x08000cc9   Thumb Code    68  hal_light_resistor.o(i.Get_Light_Str_Adc)
    Get_Pyr_State                            0x08000d15   Thumb Code     6  hal_pyr.o(i.Get_Pyr_State)
    HAL_ADC_ConfigChannel                    0x08000d21   Thumb Code   240  stm32f1xx_hal_adc.o(i.HAL_ADC_ConfigChannel)
    HAL_ADC_GetState                         0x08000e1d   Thumb Code     4  stm32f1xx_hal_adc.o(i.HAL_ADC_GetState)
    HAL_ADC_GetValue                         0x08000e21   Thumb Code     6  stm32f1xx_hal_adc.o(i.HAL_ADC_GetValue)
    HAL_ADC_Init                             0x08000e29   Thumb Code   272  stm32f1xx_hal_adc.o(i.HAL_ADC_Init)
    HAL_ADC_MspInit                          0x08000f49   Thumb Code    76  adc.o(i.HAL_ADC_MspInit)
    HAL_ADC_PollForConversion                0x08000fa1   Thumb Code   290  stm32f1xx_hal_adc.o(i.HAL_ADC_PollForConversion)
    HAL_ADC_Start                            0x080010d1   Thumb Code   184  stm32f1xx_hal_adc.o(i.HAL_ADC_Start)
    HAL_DMA_Abort_IT                         0x08001191   Thumb Code   296  stm32f1xx_hal_dma.o(i.HAL_DMA_Abort_IT)
    HAL_GPIO_EXTI_Callback                   0x080012c1   Thumb Code     2  stm32f1xx_hal_gpio.o(i.HAL_GPIO_EXTI_Callback)
    HAL_GPIO_EXTI_IRQHandler                 0x080012c5   Thumb Code    18  stm32f1xx_hal_gpio.o(i.HAL_GPIO_EXTI_IRQHandler)
    HAL_GPIO_Init                            0x080012dd   Thumb Code   462  stm32f1xx_hal_gpio.o(i.HAL_GPIO_Init)
    HAL_GPIO_ReadPin                         0x080014d5   Thumb Code    10  stm32f1xx_hal_gpio.o(i.HAL_GPIO_ReadPin)
    HAL_GPIO_WritePin                        0x080014df   Thumb Code    10  stm32f1xx_hal_gpio.o(i.HAL_GPIO_WritePin)
    HAL_GetTick                              0x080014e9   Thumb Code     6  stm32f1xx_hal.o(i.HAL_GetTick)
    HAL_IncTick                              0x080014f5   Thumb Code    12  stm32f1xx_hal.o(i.HAL_IncTick)
    HAL_Init                                 0x08001505   Thumb Code    32  stm32f1xx_hal.o(i.HAL_Init)
    HAL_InitTick                             0x08001529   Thumb Code    54  stm32f1xx_hal.o(i.HAL_InitTick)
    HAL_MspInit                              0x08001569   Thumb Code    52  stm32f1xx_hal_msp.o(i.HAL_MspInit)
    HAL_NVIC_EnableIRQ                       0x080015a5   Thumb Code    26  stm32f1xx_hal_cortex.o(i.HAL_NVIC_EnableIRQ)
    HAL_NVIC_SetPriority                     0x080015c1   Thumb Code    60  stm32f1xx_hal_cortex.o(i.HAL_NVIC_SetPriority)
    HAL_NVIC_SetPriorityGrouping             0x08001601   Thumb Code    26  stm32f1xx_hal_cortex.o(i.HAL_NVIC_SetPriorityGrouping)
    HAL_NVIC_SystemReset                     0x08001625   Thumb Code    26  stm32f1xx_hal_cortex.o(i.HAL_NVIC_SystemReset)
    HAL_RCCEx_GetPeriphCLKFreq               0x08001649   Thumb Code   180  stm32f1xx_hal_rcc_ex.o(i.HAL_RCCEx_GetPeriphCLKFreq)
    HAL_RCCEx_PeriphCLKConfig                0x0800171d   Thumb Code   224  stm32f1xx_hal_rcc_ex.o(i.HAL_RCCEx_PeriphCLKConfig)
    HAL_RCC_ClockConfig                      0x08001809   Thumb Code   280  stm32f1xx_hal_rcc.o(i.HAL_RCC_ClockConfig)
    HAL_RCC_GetPCLK1Freq                     0x08001935   Thumb Code    20  stm32f1xx_hal_rcc.o(i.HAL_RCC_GetPCLK1Freq)
    HAL_RCC_GetPCLK2Freq                     0x08001955   Thumb Code    20  stm32f1xx_hal_rcc.o(i.HAL_RCC_GetPCLK2Freq)
    HAL_RCC_GetSysClockFreq                  0x08001975   Thumb Code    74  stm32f1xx_hal_rcc.o(i.HAL_RCC_GetSysClockFreq)
    HAL_RCC_OscConfig                        0x080019e1   Thumb Code   778  stm32f1xx_hal_rcc.o(i.HAL_RCC_OscConfig)
    HAL_SYSTICK_Config                       0x08001d01   Thumb Code    40  stm32f1xx_hal_cortex.o(i.HAL_SYSTICK_Config)
    HAL_TIMEx_BreakCallback                  0x08001d29   Thumb Code     2  stm32f1xx_hal_tim_ex.o(i.HAL_TIMEx_BreakCallback)
    HAL_TIMEx_CommutCallback                 0x08001d2b   Thumb Code     2  stm32f1xx_hal_tim_ex.o(i.HAL_TIMEx_CommutCallback)
    HAL_TIMEx_MasterConfigSynchronization    0x08001d2d   Thumb Code    66  stm32f1xx_hal_tim_ex.o(i.HAL_TIMEx_MasterConfigSynchronization)
    HAL_TIM_Base_Init                        0x08001d6f   Thumb Code    54  stm32f1xx_hal_tim.o(i.HAL_TIM_Base_Init)
    HAL_TIM_Base_MspInit                     0x08001da5   Thumb Code    86  tim.o(i.HAL_TIM_Base_MspInit)
    HAL_TIM_Base_Start_IT                    0x08001e05   Thumb Code    34  stm32f1xx_hal_tim.o(i.HAL_TIM_Base_Start_IT)
    HAL_TIM_Base_Stop_IT                     0x08001e27   Thumb Code    42  stm32f1xx_hal_tim.o(i.HAL_TIM_Base_Stop_IT)
    HAL_TIM_ConfigClockSource                0x08001e51   Thumb Code   214  stm32f1xx_hal_tim.o(i.HAL_TIM_ConfigClockSource)
    HAL_TIM_IC_CaptureCallback               0x08001f27   Thumb Code     2  stm32f1xx_hal_tim.o(i.HAL_TIM_IC_CaptureCallback)
    HAL_TIM_IRQHandler                       0x08001f29   Thumb Code   358  stm32f1xx_hal_tim.o(i.HAL_TIM_IRQHandler)
    HAL_TIM_OC_DelayElapsedCallback          0x0800208f   Thumb Code     2  stm32f1xx_hal_tim.o(i.HAL_TIM_OC_DelayElapsedCallback)
    HAL_TIM_PWM_PulseFinishedCallback        0x08002091   Thumb Code     2  stm32f1xx_hal_tim.o(i.HAL_TIM_PWM_PulseFinishedCallback)
    HAL_TIM_PeriodElapsedCallback            0x08002095   Thumb Code    36  gizwits_product.o(i.HAL_TIM_PeriodElapsedCallback)
    HAL_TIM_TriggerCallback                  0x080020c5   Thumb Code     2  stm32f1xx_hal_tim.o(i.HAL_TIM_TriggerCallback)
    HAL_UART_ErrorCallback                   0x080020c7   Thumb Code     2  stm32f1xx_hal_uart.o(i.HAL_UART_ErrorCallback)
    HAL_UART_IRQHandler                      0x080020c9   Thumb Code   266  stm32f1xx_hal_uart.o(i.HAL_UART_IRQHandler)
    HAL_UART_Init                            0x080021d9   Thumb Code    98  stm32f1xx_hal_uart.o(i.HAL_UART_Init)
    HAL_UART_MspInit                         0x0800223d   Thumb Code   186  usart.o(i.HAL_UART_MspInit)
    HAL_UART_Receive_IT                      0x08002309   Thumb Code    82  stm32f1xx_hal_uart.o(i.HAL_UART_Receive_IT)
    HAL_UART_RxCpltCallback                  0x0800235d   Thumb Code    34  gizwits_product.o(i.HAL_UART_RxCpltCallback)
    HAL_UART_Transmit                        0x0800238d   Thumb Code   186  stm32f1xx_hal_uart.o(i.HAL_UART_Transmit)
    HAL_UART_Transmit_IT                     0x08002447   Thumb Code    62  stm32f1xx_hal_uart.o(i.HAL_UART_Transmit_IT)
    HAL_UART_TxCpltCallback                  0x08002485   Thumb Code     2  stm32f1xx_hal_uart.o(i.HAL_UART_TxCpltCallback)
    HardFault_Handler                        0x08002487   Thumb Code     2  stm32f1xx_it.o(i.HardFault_Handler)
    IIC_Start                                0x08002489   Thumb Code    48  hal_oled.o(i.IIC_Start)
    IIC_Stop                                 0x080024bd   Thumb Code    38  hal_oled.o(i.IIC_Stop)
    IIC_Wait_Ack                             0x080024e9   Thumb Code    28  hal_oled.o(i.IIC_Wait_Ack)
    Init_Buzzer                              0x08002509   Thumb Code    10  hal_buzzer.o(i.Init_Buzzer)
    Init_My9291                              0x08002519   Thumb Code    34  hal_rgb_my9291.o(i.Init_My9291)
    MX_ADC1_Init                             0x08002541   Thumb Code    72  adc.o(i.MX_ADC1_Init)
    MX_GPIO_Init                             0x08002591   Thumb Code   352  gpio.o(i.MX_GPIO_Init)
    MX_TIM2_Init                             0x0800270d   Thumb Code    96  tim.o(i.MX_TIM2_Init)
    MX_TIM3_Init                             0x08002771   Thumb Code    92  tim.o(i.MX_TIM3_Init)
    MX_USART1_UART_Init                      0x080027d5   Thumb Code    48  usart.o(i.MX_USART1_UART_Init)
    MX_USART2_UART_Init                      0x0800280d   Thumb Code    48  usart.o(i.MX_USART2_UART_Init)
    MemManage_Handler                        0x08002845   Thumb Code     2  stm32f1xx_it.o(i.MemManage_Handler)
    My9291_Send_Duty                         0x08002849   Thumb Code   228  hal_rgb_my9291.o(i.My9291_Send_Duty)
    NMI_Handler                              0x08002935   Thumb Code     2  stm32f1xx_it.o(i.NMI_Handler)
    OLED_Clear                               0x08002937   Thumb Code    58  hal_oled.o(i.OLED_Clear)
    OLED_DrawBMP                             0x08002971   Thumb Code    64  hal_oled.o(i.OLED_DrawBMP)
    OLED_Init                                0x080029b1   Thumb Code   240  hal_oled.o(i.OLED_Init)
    OLED_Set_Pos                             0x08002aa5   Thumb Code    42  hal_oled.o(i.OLED_Set_Pos)
    OLED_Test                                0x08002ad1   Thumb Code    24  hal_oled.o(i.OLED_Test)
    OLED_WR_Byte                             0x08002aed   Thumb Code    12  hal_oled.o(i.OLED_WR_Byte)
    PendSV_Handler                           0x08002af9   Thumb Code     2  stm32f1xx_it.o(i.PendSV_Handler)
    SVC_Handler                              0x08002afb   Thumb Code     2  stm32f1xx_it.o(i.SVC_Handler)
    Set_Dcout_State                          0x08002afd   Thumb Code    20  hal_dcout.o(i.Set_Dcout_State)
    SysTick_Handler                          0x08002b15   Thumb Code     4  stm32f1xx_it.o(i.SysTick_Handler)
    SystemClock_Config                       0x08002b19   Thumb Code    98  main.o(i.SystemClock_Config)
    SystemInit                               0x08002b7d   Thumb Code    56  system_stm32f1xx.o(i.SystemInit)
    TIM2_IRQHandler                          0x08002bc5   Thumb Code     6  stm32f1xx_it.o(i.TIM2_IRQHandler)
    TIM3_IRQHandler                          0x08002bd1   Thumb Code     6  stm32f1xx_it.o(i.TIM3_IRQHandler)
    TIM_Base_SetConfig                       0x08002bdd   Thumb Code   120  stm32f1xx_hal_tim.o(i.TIM_Base_SetConfig)
    TIM_ETR_SetConfig                        0x08002c69   Thumb Code    20  stm32f1xx_hal_tim.o(i.TIM_ETR_SetConfig)
    USART2_IRQHandler                        0x08002f15   Thumb Code     6  stm32f1xx_it.o(i.USART2_IRQHandler)
    UsageFault_Handler                       0x08002f21   Thumb Code     2  stm32f1xx_it.o(i.UsageFault_Handler)
    Write_IIC_Byte                           0x08002f25   Thumb Code    60  hal_oled.o(i.Write_IIC_Byte)
    Write_IIC_Command                        0x08002f65   Thumb Code    46  hal_oled.o(i.Write_IIC_Command)
    Write_IIC_Data                           0x08002f93   Thumb Code    46  hal_oled.o(i.Write_IIC_Data)
    __0printf                                0x08002fc1   Thumb Code    22  printfa.o(i.__0printf)
    __1printf                                0x08002fc1   Thumb Code     0  printfa.o(i.__0printf)
    __2printf                                0x08002fc1   Thumb Code     0  printfa.o(i.__0printf)
    __c89printf                              0x08002fc1   Thumb Code     0  printfa.o(i.__0printf)
    printf                                   0x08002fc1   Thumb Code     0  printfa.o(i.__0printf)
    __scatterload_copy                       0x08003001   Thumb Code    14  handlers.o(i.__scatterload_copy)
    __scatterload_null                       0x0800300f   Thumb Code     2  handlers.o(i.__scatterload_null)
    __scatterload_zeroinit                   0x08003011   Thumb Code    14  handlers.o(i.__scatterload_zeroinit)
    dht11ReadData                            0x08003941   Thumb Code   178  hal_temp_hum.o(i.dht11ReadData)
    exchangeBytes                            0x080039f9   Thumb Code    16  common.o(i.exchangeBytes)
    exchangeWord                             0x08003a09   Thumb Code     4  common.o(i.exchangeWord)
    fputc                                    0x08003a0d   Thumb Code    20  gizwits_product.o(i.fputc)
    getKey                                   0x08003a25   Thumb Code    84  hal_key.o(i.getKey)
    gizAcrossByteJudge                       0x08003a7d   Thumb Code    30  datapointtools.o(i.gizAcrossByteJudge)
    gizByteOrderExchange                     0x08003a9b   Thumb Code    36  datapointtools.o(i.gizByteOrderExchange)
    gizGetTimerCount                         0x08004265   Thumb Code     6  gizwits_product.o(i.gizGetTimerCount)
    gizProtocolSum                           0x08004e61   Thumb Code    36  common.o(i.gizProtocolSum)
    gizPutData                               0x08004f2d   Thumb Code    40  gizwits_protocol.o(i.gizPutData)
    gizStandardCompressValue                 0x0800505d   Thumb Code    80  datapointtools.o(i.gizStandardCompressValue)
    gizStandardDecompressionValue            0x080050ad   Thumb Code   130  datapointtools.o(i.gizStandardDecompressionValue)
    gizTimerMs                               0x08005131   Thumb Code    10  gizwits_product.o(i.gizTimerMs)
    gizX2Y                                   0x08005141   Thumb Code     6  datapointtools.o(i.gizX2Y)
    gizY2X                                   0x08005147   Thumb Code     8  datapointtools.o(i.gizY2X)
    gizY2XFloat                              0x0800514f   Thumb Code    24  datapointtools.o(i.gizY2XFloat)
    gizwitsEventProcess                      0x08005169   Thumb Code   430  gizwits_product.o(i.gizwitsEventProcess)
    gizwitsHandle                            0x08005479   Thumb Code   558  gizwits_protocol.o(i.gizwitsHandle)
    gizwitsInit                              0x080057c1   Thumb Code    46  gizwits_protocol.o(i.gizwitsInit)
    gizwitsSetMode                           0x08005821   Thumb Code   222  gizwits_protocol.o(i.gizwitsSetMode)
    key1LongPress                            0x08005939   Thumb Code    18  main.o(i.key1LongPress)
    key1ShortPress                           0x0800596d   Thumb Code    18  main.o(i.key1ShortPress)
    key2LongPress                            0x080059a1   Thumb Code    18  main.o(i.key2LongPress)
    key2ShortPress                           0x080059d5   Thumb Code    18  main.o(i.key2ShortPress)
    keyHandle                                0x08005a05   Thumb Code   126  hal_key.o(i.keyHandle)
    keyInit                                  0x08005a85   Thumb Code    90  main.o(i.keyInit)
    keyInitOne                               0x08005b01   Thumb Code    58  hal_key.o(i.keyInitOne)
    keyParaInit                              0x08005b41   Thumb Code    20  hal_key.o(i.keyParaInit)
    main                                     0x08005b59   Thumb Code    92  main.o(i.main)
    mcuRestart                               0x08005bcd   Thumb Code    10  gizwits_product.o(i.mcuRestart)
    my9291_dcki_pulse                        0x08005bd9   Thumb Code    48  hal_rgb_my9291.o(i.my9291_dcki_pulse)
    my9291_di_pulse                          0x08005c0d   Thumb Code    48  hal_rgb_my9291.o(i.my9291_di_pulse)
    my9291_send_command                      0x08005c41   Thumb Code   154  hal_rgb_my9291.o(i.my9291_send_command)
    rbCanRead                                0x08005ce5   Thumb Code    50  ringbuffer.o(i.rbCanRead)
    rbCanWrite                               0x08005d17   Thumb Code    28  ringbuffer.o(i.rbCanWrite)
    rbCapacity                               0x08005d33   Thumb Code    12  ringbuffer.o(i.rbCapacity)
    rbCreate                                 0x08005d3f   Thumb Code    18  ringbuffer.o(i.rbCreate)
    rbRead                                   0x08005d51   Thumb Code   126  ringbuffer.o(i.rbRead)
    rbWrite                                  0x08005dcf   Thumb Code   142  ringbuffer.o(i.rbWrite)
    readKeyValue                             0x08005e5d   Thumb Code   130  hal_key.o(i.readKeyValue)
    timerInit                                0x08005ee5   Thumb Code     6  gizwits_product.o(i.timerInit)
    uartInit                                 0x08005ef1   Thumb Code    10  gizwits_product.o(i.uartInit)
    uartWrite                                0x08005f05   Thumb Code   140  gizwits_product.o(i.uartWrite)
    userHandle                               0x08005fbd   Thumb Code   128  gizwits_product.o(i.userHandle)
    userInit                                 0x08006069   Thumb Code     8  gizwits_product.o(i.userInit)
    F6x8                                     0x08006074   Data         552  hal_oled.o(.constdata)
    F8X16                                    0x0800629c   Data        1520  hal_oled.o(.constdata)
    Hzk                                      0x0800688c   Data         960  hal_oled.o(.constdata)
    bmp_test                                 0x08006c4c   Data        1024  hal_oled.o(.constdata)
    AHBPrescTable                            0x0800704d   Data          16  system_stm32f1xx.o(.constdata)
    APBPrescTable                            0x0800705d   Data           8  system_stm32f1xx.o(.constdata)
    Region$$Table$$Base                      0x08007068   Number         0  anon$$obj.o(Region$$Table)
    Region$$Table$$Limit                     0x08007088   Number         0  anon$$obj.o(Region$$Table)
    aRxBuffer                                0x20000000   Data           1  gizwits_product.o(.data)
    ginf_htim                                0x2000001c   Data           4  hal_inf_receiver.o(.data)
    keyCountTime                             0x20000026   Data           1  hal_key.o(.data)
    my9291_commands                          0x20000030   Data           1  hal_rgb_my9291.o(.data)
    keys                                     0x2000003c   Data           5  main.o(.data)
    SystemCoreClock                          0x20000044   Data           4  system_stm32f1xx.o(.data)
    uwTickFreq                               0x20000048   Data           1  stm32f1xx_hal.o(.data)
    uwTickPrio                               0x2000004c   Data           4  stm32f1xx_hal.o(.data)
    uwTick                                   0x20000050   Data           4  stm32f1xx_hal.o(.data)
    __stdout                                 0x20000054   Data           4  stdout.o(.data)
    currentDataPoint                         0x20000058   Data          41  gizwits_product.o(.bss)
    gizwitsProtocol                          0x20000081   Data         415  gizwits_protocol.o(.bss)
    pRb                                      0x20000220   Data          16  gizwits_protocol.o(.bss)
    gInf_State                               0x20000278   Data          96  hal_inf_receiver.o(.bss)
    singleKey                                0x200002d8   Data          42  main.o(.bss)
    hadc1                                    0x20000304   Data          48  adc.o(.bss)
    htim2                                    0x20000334   Data          64  tim.o(.bss)
    htim3                                    0x20000374   Data          64  tim.o(.bss)
    huart1                                   0x200003b4   Data          64  usart.o(.bss)
    huart2                                   0x200003f4   Data          64  usart.o(.bss)
    __initial_sp                             0x20002438   Data           0  startup_stm32f103xe.o(STACK)



==============================================================================

Memory Map of the image

  Image Entry point : 0x08000131

  Load Region LR_IROM1 (Base: 0x08000000, Size: 0x000070e0, Max: 0x00040000, ABSOLUTE)

    Execution Region ER_IROM1 (Exec base: 0x08000000, Load base: 0x08000000, Size: 0x00007088, Max: 0x00040000, ABSOLUTE)

    Exec Addr    Load Addr    Size         Type   Attr      Idx    E Section Name        Object

    0x08000000   0x08000000   0x00000130   Data   RO            3    RESET               startup_stm32f103xe.o
    0x08000130   0x08000130   0x00000000   Code   RO         4282  * .ARM.Collect$$$$00000000  mc_w.l(entry.o)
    0x08000130   0x08000130   0x00000004   Code   RO         4580    .ARM.Collect$$$$00000001  mc_w.l(entry2.o)
    0x08000134   0x08000134   0x00000004   Code   RO         4583    .ARM.Collect$$$$00000004  mc_w.l(entry5.o)
    0x08000138   0x08000138   0x00000000   Code   RO         4585    .ARM.Collect$$$$00000008  mc_w.l(entry7b.o)
    0x08000138   0x08000138   0x00000000   Code   RO         4587    .ARM.Collect$$$$0000000A  mc_w.l(entry8b.o)
    0x08000138   0x08000138   0x00000008   Code   RO         4588    .ARM.Collect$$$$0000000B  mc_w.l(entry9a.o)
    0x08000140   0x08000140   0x00000000   Code   RO         4590    .ARM.Collect$$$$0000000D  mc_w.l(entry10a.o)
    0x08000140   0x08000140   0x00000000   Code   RO         4592    .ARM.Collect$$$$0000000F  mc_w.l(entry11a.o)
    0x08000140   0x08000140   0x00000004   Code   RO         4581    .ARM.Collect$$$$00002712  mc_w.l(entry2.o)
    0x08000144   0x08000144   0x00000024   Code   RO            4    .text               startup_stm32f103xe.o
    0x08000168   0x08000168   0x00000020   Code   RO         4285    .text               mc_w.l(llushr.o)
    0x08000188   0x08000188   0x00000024   Code   RO         4289    .text               mc_w.l(memcpya.o)
    0x080001ac   0x080001ac   0x00000024   Code   RO         4291    .text               mc_w.l(memseta.o)
    0x080001d0   0x080001d0   0x000000b0   Code   RO         4558    .text               mf_w.l(fadd.o)
    0x08000280   0x08000280   0x0000007c   Code   RO         4562    .text               mf_w.l(fdiv.o)
    0x080002fc   0x080002fc   0x000000e4   Code   RO         4564    .text               mf_w.l(dmul.o)
    0x080003e0   0x080003e0   0x0000002e   Code   RO         4566    .text               mf_w.l(dscalb.o)
    0x0800040e   0x0800040e   0x0000001a   Code   RO         4570    .text               mf_w.l(dfltui.o)
    0x08000428   0x08000428   0x00000028   Code   RO         4572    .text               mf_w.l(ffixui.o)
    0x08000450   0x08000450   0x00000038   Code   RO         4576    .text               mf_w.l(d2f.o)
    0x08000488   0x08000488   0x00000014   Code   RO         4578    .text               mf_w.l(cfcmple.o)
    0x0800049c   0x0800049c   0x0000002c   Code   RO         4595    .text               mc_w.l(uidiv.o)
    0x080004c8   0x080004c8   0x00000062   Code   RO         4597    .text               mc_w.l(uldiv.o)
    0x0800052a   0x0800052a   0x00000000   Code   RO         4599    .text               mc_w.l(iusefp.o)
    0x0800052a   0x0800052a   0x0000006e   Code   RO         4600    .text               mf_w.l(fepilogue.o)
    0x08000598   0x08000598   0x000000ba   Code   RO         4602    .text               mf_w.l(depilogue.o)
    0x08000652   0x08000652   0x0000014e   Code   RO         4604    .text               mf_w.l(dadd.o)
    0x080007a0   0x080007a0   0x000000de   Code   RO         4606    .text               mf_w.l(ddiv.o)
    0x0800087e   0x0800087e   0x00000030   Code   RO         4608    .text               mf_w.l(dfixul.o)
    0x080008ae   0x080008ae   0x00000002   PAD
    0x080008b0   0x080008b0   0x00000030   Code   RO         4610    .text               mf_w.l(cdrcmple.o)
    0x080008e0   0x080008e0   0x00000024   Code   RO         4612    .text               mc_w.l(init.o)
    0x08000904   0x08000904   0x0000001e   Code   RO         4614    .text               mc_w.l(llshl.o)
    0x08000922   0x08000922   0x00000024   Code   RO         4616    .text               mc_w.l(llsshr.o)
    0x08000946   0x08000946   0x00000002   PAD
    0x08000948   0x08000948   0x0000004c   Code   RO         1780    i.ADC_ConversionStop_Disable  stm32f1xx_hal_adc.o
    0x08000994   0x08000994   0x00000070   Code   RO         1784    i.ADC_Enable        stm32f1xx_hal_adc.o
    0x08000a04   0x08000a04   0x00000010   Code   RO          508    i.Add_Inf_Receiver_Time  hal_inf_receiver.o
    0x08000a14   0x08000a14   0x00000002   Code   RO         1570    i.BusFault_Handler  stm32f1xx_it.o
    0x08000a16   0x08000a16   0x00000002   PAD
    0x08000a18   0x08000a18   0x00000130   Code   RO          509    i.Check_Inf_Reciver_Data  hal_inf_receiver.o
    0x08000b48   0x08000b48   0x00000018   Code   RO          429    i.Control_Buzzer_State  hal_buzzer.o
    0x08000b60   0x08000b60   0x0000006c   Code   RO          652    i.Control_Led       hal_led.o
    0x08000bcc   0x08000bcc   0x00000018   Code   RO          929    i.Control_Relay     hal_relay.o
    0x08000be4   0x08000be4   0x00000020   Code   RO         1023    i.DHT11_IO_IN       hal_temp_hum.o
    0x08000c04   0x08000c04   0x0000001c   Code   RO         1024    i.DHT11_IO_OUT      hal_temp_hum.o
    0x08000c20   0x08000c20   0x00000002   Code   RO         1571    i.DebugMon_Handler  stm32f1xx_it.o
    0x08000c22   0x08000c22   0x00000002   PAD
    0x08000c24   0x08000c24   0x0000002c   Code   RO         1219    i.Delay_Init        delay.o
    0x08000c50   0x08000c50   0x00000028   Code   RO         1220    i.Delay_Ms          delay.o
    0x08000c78   0x08000c78   0x00000028   Code   RO         1221    i.Delay_Us          delay.o
    0x08000ca0   0x08000ca0   0x00000006   Code   RO         1572    i.EXTI1_IRQHandler  stm32f1xx_it.o
    0x08000ca6   0x08000ca6   0x00000006   Code   RO         1573    i.EXTI2_IRQHandler  stm32f1xx_it.o
    0x08000cac   0x08000cac   0x00000006   Code   RO         1574    i.EXTI4_IRQHandler  stm32f1xx_it.o
    0x08000cb2   0x08000cb2   0x00000002   Code   RO         1316    i.Error_Handler     main.o
    0x08000cb4   0x08000cb4   0x00000014   Code   RO          555    i.Get_InfTube_State  hal_infrared_tube.o
    0x08000cc8   0x08000cc8   0x0000004c   Code   RO          695    i.Get_Light_Str_Adc  hal_light_resistor.o
    0x08000d14   0x08000d14   0x0000000c   Code   RO          891    i.Get_Pyr_State     hal_pyr.o
    0x08000d20   0x08000d20   0x000000fc   Code   RO         1786    i.HAL_ADC_ConfigChannel  stm32f1xx_hal_adc.o
    0x08000e1c   0x08000e1c   0x00000004   Code   RO         1792    i.HAL_ADC_GetState  stm32f1xx_hal_adc.o
    0x08000e20   0x08000e20   0x00000006   Code   RO         1793    i.HAL_ADC_GetValue  stm32f1xx_hal_adc.o
    0x08000e26   0x08000e26   0x00000002   PAD
    0x08000e28   0x08000e28   0x00000120   Code   RO         1795    i.HAL_ADC_Init      stm32f1xx_hal_adc.o
    0x08000f48   0x08000f48   0x00000058   Code   RO         1433    i.HAL_ADC_MspInit   adc.o
    0x08000fa0   0x08000fa0   0x00000130   Code   RO         1799    i.HAL_ADC_PollForConversion  stm32f1xx_hal_adc.o
    0x080010d0   0x080010d0   0x000000c0   Code   RO         1801    i.HAL_ADC_Start     stm32f1xx_hal_adc.o
    0x08001190   0x08001190   0x00000130   Code   RO         2436    i.HAL_DMA_Abort_IT  stm32f1xx_hal_dma.o
    0x080012c0   0x080012c0   0x00000002   Code   RO         2369    i.HAL_GPIO_EXTI_Callback  stm32f1xx_hal_gpio.o
    0x080012c2   0x080012c2   0x00000002   PAD
    0x080012c4   0x080012c4   0x00000018   Code   RO         2370    i.HAL_GPIO_EXTI_IRQHandler  stm32f1xx_hal_gpio.o
    0x080012dc   0x080012dc   0x000001f8   Code   RO         2371    i.HAL_GPIO_Init     stm32f1xx_hal_gpio.o
    0x080014d4   0x080014d4   0x0000000a   Code   RO         2373    i.HAL_GPIO_ReadPin  stm32f1xx_hal_gpio.o
    0x080014de   0x080014de   0x0000000a   Code   RO         2375    i.HAL_GPIO_WritePin  stm32f1xx_hal_gpio.o
    0x080014e8   0x080014e8   0x0000000c   Code   RO         2067    i.HAL_GetTick       stm32f1xx_hal.o
    0x080014f4   0x080014f4   0x00000010   Code   RO         2073    i.HAL_IncTick       stm32f1xx_hal.o
    0x08001504   0x08001504   0x00000024   Code   RO         2074    i.HAL_Init          stm32f1xx_hal.o
    0x08001528   0x08001528   0x00000040   Code   RO         2075    i.HAL_InitTick      stm32f1xx_hal.o
    0x08001568   0x08001568   0x0000003c   Code   RO         1682    i.HAL_MspInit       stm32f1xx_hal_msp.o
    0x080015a4   0x080015a4   0x0000001a   Code   RO         2531    i.HAL_NVIC_EnableIRQ  stm32f1xx_hal_cortex.o
    0x080015be   0x080015be   0x00000002   PAD
    0x080015c0   0x080015c0   0x00000040   Code   RO         2537    i.HAL_NVIC_SetPriority  stm32f1xx_hal_cortex.o
    0x08001600   0x08001600   0x00000024   Code   RO         2538    i.HAL_NVIC_SetPriorityGrouping  stm32f1xx_hal_cortex.o
    0x08001624   0x08001624   0x00000024   Code   RO         2539    i.HAL_NVIC_SystemReset  stm32f1xx_hal_cortex.o
    0x08001648   0x08001648   0x000000d4   Code   RO         2333    i.HAL_RCCEx_GetPeriphCLKFreq  stm32f1xx_hal_rcc_ex.o
    0x0800171c   0x0800171c   0x000000ec   Code   RO         2334    i.HAL_RCCEx_PeriphCLKConfig  stm32f1xx_hal_rcc_ex.o
    0x08001808   0x08001808   0x0000012c   Code   RO         2231    i.HAL_RCC_ClockConfig  stm32f1xx_hal_rcc.o
    0x08001934   0x08001934   0x00000020   Code   RO         2238    i.HAL_RCC_GetPCLK1Freq  stm32f1xx_hal_rcc.o
    0x08001954   0x08001954   0x00000020   Code   RO         2239    i.HAL_RCC_GetPCLK2Freq  stm32f1xx_hal_rcc.o
    0x08001974   0x08001974   0x0000006c   Code   RO         2240    i.HAL_RCC_GetSysClockFreq  stm32f1xx_hal_rcc.o
    0x080019e0   0x080019e0   0x00000320   Code   RO         2243    i.HAL_RCC_OscConfig  stm32f1xx_hal_rcc.o
    0x08001d00   0x08001d00   0x00000028   Code   RO         2542    i.HAL_SYSTICK_Config  stm32f1xx_hal_cortex.o
    0x08001d28   0x08001d28   0x00000002   Code   RO         3708    i.HAL_TIMEx_BreakCallback  stm32f1xx_hal_tim_ex.o
    0x08001d2a   0x08001d2a   0x00000002   Code   RO         3709    i.HAL_TIMEx_CommutCallback  stm32f1xx_hal_tim_ex.o
    0x08001d2c   0x08001d2c   0x00000042   Code   RO         3726    i.HAL_TIMEx_MasterConfigSynchronization  stm32f1xx_hal_tim_ex.o
    0x08001d6e   0x08001d6e   0x00000036   Code   RO         3033    i.HAL_TIM_Base_Init  stm32f1xx_hal_tim.o
    0x08001da4   0x08001da4   0x00000060   Code   RO         1475    i.HAL_TIM_Base_MspInit  tim.o
    0x08001e04   0x08001e04   0x00000022   Code   RO         3038    i.HAL_TIM_Base_Start_IT  stm32f1xx_hal_tim.o
    0x08001e26   0x08001e26   0x0000002a   Code   RO         3041    i.HAL_TIM_Base_Stop_IT  stm32f1xx_hal_tim.o
    0x08001e50   0x08001e50   0x000000d6   Code   RO         3042    i.HAL_TIM_ConfigClockSource  stm32f1xx_hal_tim.o
    0x08001f26   0x08001f26   0x00000002   Code   RO         3062    i.HAL_TIM_IC_CaptureCallback  stm32f1xx_hal_tim.o
    0x08001f28   0x08001f28   0x00000166   Code   RO         3076    i.HAL_TIM_IRQHandler  stm32f1xx_hal_tim.o
    0x0800208e   0x0800208e   0x00000002   Code   RO         3079    i.HAL_TIM_OC_DelayElapsedCallback  stm32f1xx_hal_tim.o
    0x08002090   0x08002090   0x00000002   Code   RO         3106    i.HAL_TIM_PWM_PulseFinishedCallback  stm32f1xx_hal_tim.o
    0x08002092   0x08002092   0x00000002   PAD
    0x08002094   0x08002094   0x00000030   Code   RO           13    i.HAL_TIM_PeriodElapsedCallback  gizwits_product.o
    0x080020c4   0x080020c4   0x00000002   Code   RO         3119    i.HAL_TIM_TriggerCallback  stm32f1xx_hal_tim.o
    0x080020c6   0x080020c6   0x00000002   Code   RO         3980    i.HAL_UART_ErrorCallback  stm32f1xx_hal_uart.o
    0x080020c8   0x080020c8   0x00000110   Code   RO         3983    i.HAL_UART_IRQHandler  stm32f1xx_hal_uart.o
    0x080021d8   0x080021d8   0x00000062   Code   RO         3984    i.HAL_UART_Init     stm32f1xx_hal_uart.o
    0x0800223a   0x0800223a   0x00000002   PAD
    0x0800223c   0x0800223c   0x000000cc   Code   RO         1523    i.HAL_UART_MspInit  usart.o
    0x08002308   0x08002308   0x00000052   Code   RO         3989    i.HAL_UART_Receive_IT  stm32f1xx_hal_uart.o
    0x0800235a   0x0800235a   0x00000002   PAD
    0x0800235c   0x0800235c   0x00000030   Code   RO           14    i.HAL_UART_RxCpltCallback  gizwits_product.o
    0x0800238c   0x0800238c   0x000000ba   Code   RO         3992    i.HAL_UART_Transmit  stm32f1xx_hal_uart.o
    0x08002446   0x08002446   0x0000003e   Code   RO         3994    i.HAL_UART_Transmit_IT  stm32f1xx_hal_uart.o
    0x08002484   0x08002484   0x00000002   Code   RO         3995    i.HAL_UART_TxCpltCallback  stm32f1xx_hal_uart.o
    0x08002486   0x08002486   0x00000002   Code   RO         1575    i.HardFault_Handler  stm32f1xx_it.o
    0x08002488   0x08002488   0x00000034   Code   RO          745    i.IIC_Start         hal_oled.o
    0x080024bc   0x080024bc   0x0000002c   Code   RO          746    i.IIC_Stop          hal_oled.o
    0x080024e8   0x080024e8   0x00000020   Code   RO          747    i.IIC_Wait_Ack      hal_oled.o
    0x08002508   0x08002508   0x00000010   Code   RO          430    i.Init_Buzzer       hal_buzzer.o
    0x08002518   0x08002518   0x00000028   Code   RO          966    i.Init_My9291       hal_rgb_my9291.o
    0x08002540   0x08002540   0x00000050   Code   RO         1434    i.MX_ADC1_Init      adc.o
    0x08002590   0x08002590   0x0000017c   Code   RO         1408    i.MX_GPIO_Init      gpio.o
    0x0800270c   0x0800270c   0x00000064   Code   RO         1476    i.MX_TIM2_Init      tim.o
    0x08002770   0x08002770   0x00000064   Code   RO         1477    i.MX_TIM3_Init      tim.o
    0x080027d4   0x080027d4   0x00000038   Code   RO         1524    i.MX_USART1_UART_Init  usart.o
    0x0800280c   0x0800280c   0x00000038   Code   RO         1525    i.MX_USART2_UART_Init  usart.o
    0x08002844   0x08002844   0x00000002   Code   RO         1576    i.MemManage_Handler  stm32f1xx_it.o
    0x08002846   0x08002846   0x00000002   PAD
    0x08002848   0x08002848   0x000000ec   Code   RO          967    i.My9291_Send_Duty  hal_rgb_my9291.o
    0x08002934   0x08002934   0x00000002   Code   RO         1577    i.NMI_Handler       stm32f1xx_it.o
    0x08002936   0x08002936   0x0000003a   Code   RO          748    i.OLED_Clear        hal_oled.o
    0x08002970   0x08002970   0x00000040   Code   RO          751    i.OLED_DrawBMP      hal_oled.o
    0x080029b0   0x080029b0   0x000000f4   Code   RO          752    i.OLED_Init         hal_oled.o
    0x08002aa4   0x08002aa4   0x0000002a   Code   RO          754    i.OLED_Set_Pos      hal_oled.o
    0x08002ace   0x08002ace   0x00000002   PAD
    0x08002ad0   0x08002ad0   0x0000001c   Code   RO          760    i.OLED_Test         hal_oled.o
    0x08002aec   0x08002aec   0x0000000c   Code   RO          761    i.OLED_WR_Byte      hal_oled.o
    0x08002af8   0x08002af8   0x00000002   Code   RO         1578    i.PendSV_Handler    stm32f1xx_it.o
    0x08002afa   0x08002afa   0x00000002   Code   RO         1579    i.SVC_Handler       stm32f1xx_it.o
    0x08002afc   0x08002afc   0x00000018   Code   RO          472    i.Set_Dcout_State   hal_dcout.o
    0x08002b14   0x08002b14   0x00000004   Code   RO         1580    i.SysTick_Handler   stm32f1xx_it.o
    0x08002b18   0x08002b18   0x00000062   Code   RO         1317    i.SystemClock_Config  main.o
    0x08002b7a   0x08002b7a   0x00000002   PAD
    0x08002b7c   0x08002b7c   0x00000048   Code   RO         1707    i.SystemInit        system_stm32f1xx.o
    0x08002bc4   0x08002bc4   0x0000000c   Code   RO         1581    i.TIM2_IRQHandler   stm32f1xx_it.o
    0x08002bd0   0x08002bd0   0x0000000c   Code   RO         1582    i.TIM3_IRQHandler   stm32f1xx_it.o
    0x08002bdc   0x08002bdc   0x0000008c   Code   RO         3121    i.TIM_Base_SetConfig  stm32f1xx_hal_tim.o
    0x08002c68   0x08002c68   0x00000014   Code   RO         3132    i.TIM_ETR_SetConfig  stm32f1xx_hal_tim.o
    0x08002c7c   0x08002c7c   0x00000010   Code   RO         3133    i.TIM_ITRx_SetConfig  stm32f1xx_hal_tim.o
    0x08002c8c   0x08002c8c   0x00000022   Code   RO         3139    i.TIM_TI1_ConfigInputStage  stm32f1xx_hal_tim.o
    0x08002cae   0x08002cae   0x00000024   Code   RO         3141    i.TIM_TI2_ConfigInputStage  stm32f1xx_hal_tim.o
    0x08002cd2   0x08002cd2   0x00000010   Code   RO         3997    i.UART_DMAAbortOnError  stm32f1xx_hal_uart.o
    0x08002ce2   0x08002ce2   0x0000001c   Code   RO         4007    i.UART_EndRxTransfer  stm32f1xx_hal_uart.o
    0x08002cfe   0x08002cfe   0x00000096   Code   RO         4009    i.UART_Receive_IT   stm32f1xx_hal_uart.o
    0x08002d94   0x08002d94   0x000000b8   Code   RO         4010    i.UART_SetConfig    stm32f1xx_hal_uart.o
    0x08002e4c   0x08002e4c   0x00000062   Code   RO         4011    i.UART_Transmit_IT  stm32f1xx_hal_uart.o
    0x08002eae   0x08002eae   0x00000064   Code   RO         4012    i.UART_WaitOnFlagUntilTimeout  stm32f1xx_hal_uart.o
    0x08002f12   0x08002f12   0x00000002   PAD
    0x08002f14   0x08002f14   0x0000000c   Code   RO         1583    i.USART2_IRQHandler  stm32f1xx_it.o
    0x08002f20   0x08002f20   0x00000002   Code   RO         1584    i.UsageFault_Handler  stm32f1xx_it.o
    0x08002f22   0x08002f22   0x00000002   PAD
    0x08002f24   0x08002f24   0x00000040   Code   RO          762    i.Write_IIC_Byte    hal_oled.o
    0x08002f64   0x08002f64   0x0000002e   Code   RO          763    i.Write_IIC_Command  hal_oled.o
    0x08002f92   0x08002f92   0x0000002e   Code   RO          764    i.Write_IIC_Data    hal_oled.o
    0x08002fc0   0x08002fc0   0x00000020   Code   RO         4530    i.__0printf         mc_w.l(printfa.o)
    0x08002fe0   0x08002fe0   0x00000020   Code   RO         2544    i.__NVIC_SetPriority  stm32f1xx_hal_cortex.o
    0x08003000   0x08003000   0x0000000e   Code   RO         4620    i.__scatterload_copy  mc_w.l(handlers.o)
    0x0800300e   0x0800300e   0x00000002   Code   RO         4621    i.__scatterload_null  mc_w.l(handlers.o)
    0x08003010   0x08003010   0x0000000e   Code   RO         4622    i.__scatterload_zeroinit  mc_w.l(handlers.o)
    0x0800301e   0x0800301e   0x00000002   PAD
    0x08003020   0x08003020   0x00000184   Code   RO         4537    i._fp_digits        mc_w.l(printfa.o)
    0x080031a4   0x080031a4   0x000006dc   Code   RO         4538    i._printf_core      mc_w.l(printfa.o)
    0x08003880   0x08003880   0x00000024   Code   RO         4539    i._printf_post_padding  mc_w.l(printfa.o)
    0x080038a4   0x080038a4   0x0000002e   Code   RO         4540    i._printf_pre_padding  mc_w.l(printfa.o)
    0x080038d2   0x080038d2   0x00000002   PAD
    0x080038d4   0x080038d4   0x0000006c   Code   RO         1025    i.dht11ReadByte     hal_temp_hum.o
    0x08003940   0x08003940   0x000000b8   Code   RO         1026    i.dht11ReadData     hal_temp_hum.o
    0x080039f8   0x080039f8   0x00000010   Code   RO         1065    i.exchangeBytes     common.o
    0x08003a08   0x08003a08   0x00000004   Code   RO         1066    i.exchangeWord      common.o
    0x08003a0c   0x08003a0c   0x00000018   Code   RO           15    i.fputc             gizwits_product.o
    0x08003a24   0x08003a24   0x00000058   Code   RO          596    i.getKey            hal_key.o
    0x08003a7c   0x08003a7c   0x0000001e   Code   RO         1141    i.gizAcrossByteJudge  datapointtools.o
    0x08003a9a   0x08003a9a   0x00000024   Code   RO         1142    i.gizByteOrderExchange  datapointtools.o
    0x08003abe   0x08003abe   0x00000002   PAD
    0x08003ac0   0x08003ac0   0x00000348   Code   RO          255    i.gizCheckReport    gizwits_protocol.o
    0x08003e08   0x08003e08   0x0000021c   Code   RO          256    i.gizDataPoint2Event  gizwits_protocol.o
    0x08004024   0x08004024   0x00000180   Code   RO          257    i.gizDataPoints2ReportData  gizwits_protocol.o
    0x080041a4   0x080041a4   0x000000c0   Code   RO          258    i.gizDevReportPolicy  gizwits_protocol.o
    0x08004264   0x08004264   0x0000000c   Code   RO           16    i.gizGetTimerCount  gizwits_product.o
    0x08004270   0x08004270   0x0000007c   Code   RO          259    i.gizProtocolAckHandle  gizwits_protocol.o
    0x080042ec   0x080042ec   0x00000098   Code   RO          260    i.gizProtocolCommonAck  gizwits_protocol.o
    0x08004384   0x08004384   0x000000a0   Code   RO          261    i.gizProtocolErrorCmd  gizwits_protocol.o
    0x08004424   0x08004424   0x00000178   Code   RO          262    i.gizProtocolGetDeviceInfo  gizwits_protocol.o
    0x0800459c   0x0800459c   0x00000160   Code   RO          263    i.gizProtocolGetOnePacket  gizwits_protocol.o
    0x080046fc   0x080046fc   0x0000004c   Code   RO          264    i.gizProtocolHeadInit  gizwits_protocol.o
    0x08004748   0x08004748   0x00000120   Code   RO          265    i.gizProtocolIssuedDataAck  gizwits_protocol.o
    0x08004868   0x08004868   0x000000f8   Code   RO          266    i.gizProtocolIssuedProcess  gizwits_protocol.o
    0x08004960   0x08004960   0x00000414   Code   RO          267    i.gizProtocolModuleStatus  gizwits_protocol.o
    0x08004d74   0x08004d74   0x00000078   Code   RO          268    i.gizProtocolNTP    gizwits_protocol.o
    0x08004dec   0x08004dec   0x00000074   Code   RO          269    i.gizProtocolResendData  gizwits_protocol.o
    0x08004e60   0x08004e60   0x00000024   Code   RO         1067    i.gizProtocolSum    common.o
    0x08004e84   0x08004e84   0x00000060   Code   RO          270    i.gizProtocolWaitAck  gizwits_protocol.o
    0x08004ee4   0x08004ee4   0x00000048   Code   RO          271    i.gizProtocolWaitAckCheck  gizwits_protocol.o
    0x08004f2c   0x08004f2c   0x00000068   Code   RO          272    i.gizPutData        gizwits_protocol.o
    0x08004f94   0x08004f94   0x000000c8   Code   RO          273    i.gizReportData     gizwits_protocol.o
    0x0800505c   0x0800505c   0x00000050   Code   RO         1143    i.gizStandardCompressValue  datapointtools.o
    0x080050ac   0x080050ac   0x00000082   Code   RO         1144    i.gizStandardDecompressionValue  datapointtools.o
    0x0800512e   0x0800512e   0x00000002   PAD
    0x08005130   0x08005130   0x00000010   Code   RO           17    i.gizTimerMs        gizwits_product.o
    0x08005140   0x08005140   0x00000006   Code   RO         1147    i.gizX2Y            datapointtools.o
    0x08005146   0x08005146   0x00000008   Code   RO         1149    i.gizY2X            datapointtools.o
    0x0800514e   0x0800514e   0x00000018   Code   RO         1150    i.gizY2XFloat       datapointtools.o
    0x08005166   0x08005166   0x00000002   PAD
    0x08005168   0x08005168   0x00000310   Code   RO           18    i.gizwitsEventProcess  gizwits_product.o
    0x08005478   0x08005478   0x00000348   Code   RO          276    i.gizwitsHandle     gizwits_protocol.o
    0x080057c0   0x080057c0   0x00000060   Code   RO          277    i.gizwitsInit       gizwits_protocol.o
    0x08005820   0x08005820   0x00000118   Code   RO          279    i.gizwitsSetMode    gizwits_protocol.o
    0x08005938   0x08005938   0x00000034   Code   RO         1318    i.key1LongPress     main.o
    0x0800596c   0x0800596c   0x00000034   Code   RO         1319    i.key1ShortPress    main.o
    0x080059a0   0x080059a0   0x00000034   Code   RO         1320    i.key2LongPress     main.o
    0x080059d4   0x080059d4   0x00000030   Code   RO         1321    i.key2ShortPress    main.o
    0x08005a04   0x08005a04   0x0000007e   Code   RO          597    i.keyHandle         hal_key.o
    0x08005a82   0x08005a82   0x00000002   PAD
    0x08005a84   0x08005a84   0x0000007c   Code   RO         1322    i.keyInit           main.o
    0x08005b00   0x08005b00   0x00000040   Code   RO          598    i.keyInitOne        hal_key.o
    0x08005b40   0x08005b40   0x00000018   Code   RO          599    i.keyParaInit       hal_key.o
    0x08005b58   0x08005b58   0x00000074   Code   RO         1323    i.main              main.o
    0x08005bcc   0x08005bcc   0x0000000a   Code   RO           19    i.mcuRestart        gizwits_product.o
    0x08005bd6   0x08005bd6   0x00000002   PAD
    0x08005bd8   0x08005bd8   0x00000034   Code   RO          969    i.my9291_dcki_pulse  hal_rgb_my9291.o
    0x08005c0c   0x08005c0c   0x00000034   Code   RO          970    i.my9291_di_pulse   hal_rgb_my9291.o
    0x08005c40   0x08005c40   0x000000a4   Code   RO          971    i.my9291_send_command  hal_rgb_my9291.o
    0x08005ce4   0x08005ce4   0x00000032   Code   RO         1257    i.rbCanRead         ringbuffer.o
    0x08005d16   0x08005d16   0x0000001c   Code   RO         1258    i.rbCanWrite        ringbuffer.o
    0x08005d32   0x08005d32   0x0000000c   Code   RO         1259    i.rbCapacity        ringbuffer.o
    0x08005d3e   0x08005d3e   0x00000012   Code   RO         1260    i.rbCreate          ringbuffer.o
    0x08005d50   0x08005d50   0x0000007e   Code   RO         1262    i.rbRead            ringbuffer.o
    0x08005dce   0x08005dce   0x0000008e   Code   RO         1263    i.rbWrite           ringbuffer.o
    0x08005e5c   0x08005e5c   0x00000088   Code   RO          600    i.readKeyValue      hal_key.o
    0x08005ee4   0x08005ee4   0x0000000c   Code   RO           20    i.timerInit         gizwits_product.o
    0x08005ef0   0x08005ef0   0x00000014   Code   RO           21    i.uartInit          gizwits_product.o
    0x08005f04   0x08005f04   0x000000b8   Code   RO           22    i.uartWrite         gizwits_product.o
    0x08005fbc   0x08005fbc   0x000000ac   Code   RO           23    i.userHandle        gizwits_product.o
    0x08006068   0x08006068   0x0000000c   Code   RO           24    i.userInit          gizwits_product.o
    0x08006074   0x08006074   0x00000fd8   Data   RO          766    .constdata          hal_oled.o
    0x0800704c   0x0800704c   0x00000001   Data   RO          972    .constdata          hal_rgb_my9291.o
    0x0800704d   0x0800704d   0x00000010   Data   RO         1708    .constdata          system_stm32f1xx.o
    0x0800705d   0x0800705d   0x00000008   Data   RO         1709    .constdata          system_stm32f1xx.o
    0x08007065   0x08007065   0x00000003   PAD
    0x08007068   0x08007068   0x00000020   Data   RO         4618    Region$$Table       anon$$obj.o


    Execution Region RW_IRAM1 (Exec base: 0x20000000, Load base: 0x08007088, Size: 0x00002438, Max: 0x0000c000, ABSOLUTE)

    Exec Addr    Load Addr    Size         Type   Attr      Idx    E Section Name        Object

    0x20000000   0x08007088   0x0000000c   Data   RW           26    .data               gizwits_product.o
    0x2000000c   0x08007094   0x00000010   Data   RW          281    .data               gizwits_protocol.o
    0x2000001c   0x080070a4   0x00000004   Data   RW          513    .data               hal_inf_receiver.o
    0x20000020   0x080070a8   0x00000002   Data   RW          558    .data               hal_infrared_tube.o
    0x20000022   0x080070aa   0x0000000a   Data   RW          601    .data               hal_key.o
    0x2000002c   0x080070b4   0x00000002   Data   RW          894    .data               hal_pyr.o
    0x2000002e   0x080070b6   0x00000002   PAD
    0x20000030   0x080070b8   0x00000008   Data   RW          973    .data               hal_rgb_my9291.o
    0x20000038   0x080070c0   0x00000004   Data   RW         1222    .data               delay.o
    0x2000003c   0x080070c4   0x00000005   Data   RW         1325    .data               main.o
    0x20000041   0x080070c9   0x00000003   PAD
    0x20000044   0x080070cc   0x00000004   Data   RW         1710    .data               system_stm32f1xx.o
    0x20000048   0x080070d0   0x0000000c   Data   RW         2081    .data               stm32f1xx_hal.o
    0x20000054   0x080070dc   0x00000004   Data   RW         4594    .data               mc_w.l(stdout.o)
    0x20000058        -       0x00000029   Zero   RW           25    .bss                gizwits_product.o
    0x20000081        -       0x000001f7   Zero   RW          280    .bss                gizwits_protocol.o
    0x20000278        -       0x00000060   Zero   RW          512    .bss                hal_inf_receiver.o
    0x200002d8        -       0x0000002a   Zero   RW         1324    .bss                main.o
    0x20000302   0x080070e0   0x00000002   PAD
    0x20000304        -       0x00000030   Zero   RW         1435    .bss                adc.o
    0x20000334        -       0x00000080   Zero   RW         1478    .bss                tim.o
    0x200003b4        -       0x00000080   Zero   RW         1526    .bss                usart.o
    0x20000434   0x080070e0   0x00000004   PAD
    0x20000438        -       0x00002000   Zero   RW            1    STACK               startup_stm32f103xe.o


==============================================================================

Image component sizes


      Code (inc. data)   RO Data    RW Data    ZI Data      Debug   Object Name

       168         20          0          0         48       1525   adc.o
        56          0          0          0          0       2040   common.o
       314          0          0          0          0       5335   datapointtools.o
       124         14          0          4          0       1571   delay.o
      1342        532          0         12         41     520214   gizwits_product.o
      6700       2408          0         16        503      18426   gizwits_protocol.o
       380         28          0          0          0        995   gpio.o
        40         10          0          0          0        857   hal_buzzer.o
        24          4          0          0          0        778   hal_dcout.o
       320        112          0          4         96       2316   hal_inf_receiver.o
        20          4          0          2          0        708   hal_infrared_tube.o
       438         20          0         10          0       3769   hal_key.o
       108          8          0          0          0        666   hal_led.o
        76          8          0          0          0        532   hal_light_resistor.o
       732         26       4056          0          0       6835   hal_oled.o
        12          6          0          2          0        604   hal_pyr.o
        24          4          0          0          0        772   hal_relay.o
       544         32          1          8          0       4200   hal_rgb_my9291.o
       352         24          0          0          0       2831   hal_temp_hum.o
       544        190          0          5         42       4365   main.o
       376          0          0          0          0       4014   ringbuffer.o
        36          8        304          0       8192        784   startup_stm32f103xe.o
       128         24          0         12          0       5765   stm32f1xx_hal.o
      1234         58          0          0          0       6943   stm32f1xx_hal_adc.o
       234         24          0          0          0      29390   stm32f1xx_hal_cortex.o
       304          8          0          0          0       1127   stm32f1xx_hal_dma.o
       550         48          0          0          0       4527   stm32f1xx_hal_gpio.o
        60          8          0          0          0        806   stm32f1xx_hal_msp.o
      1272        100          0          0          0       5076   stm32f1xx_hal_rcc.o
       448         44          0          0          0       2513   stm32f1xx_hal_rcc_ex.o
       956         20          0          0          0       9860   stm32f1xx_hal_tim.o
        70          0          0          0          0       2273   stm32f1xx_hal_tim_ex.o
      1280         12          0          0          0       9806   stm32f1xx_hal_uart.o
        74         18          0          0          0       6035   stm32f1xx_it.o
        72         16         24          4          0       1103   system_stm32f1xx.o
       296         22          0          0        128       2199   tim.o
       316         34          0          0        128       2215   usart.o

    ----------------------------------------------------------------------
     20060       3894       4420         84       9184     673775   Object Totals
         0          0         32          0          0          0   (incl. Generated)
        36          0          3          5          6          0   (incl. Padding)

    ----------------------------------------------------------------------

      Code (inc. data)   RO Data    RW Data    ZI Data      Debug   Library Member Name

         0          0          0          0          0          0   entry.o
         0          0          0          0          0          0   entry10a.o
         0          0          0          0          0          0   entry11a.o
         8          4          0          0          0          0   entry2.o
         4          0          0          0          0          0   entry5.o
         0          0          0          0          0          0   entry7b.o
         0          0          0          0          0          0   entry8b.o
         8          4          0          0          0          0   entry9a.o
        30          0          0          0          0          0   handlers.o
        36          8          0          0          0         68   init.o
         0          0          0          0          0          0   iusefp.o
        30          0          0          0          0         68   llshl.o
        36          0          0          0          0         68   llsshr.o
        32          0          0          0          0         68   llushr.o
        36          0          0          0          0         68   memcpya.o
        36          0          0          0          0        108   memseta.o
      2258         90          0          0          0        452   printfa.o
         0          0          0          4          0          0   stdout.o
        44          0          0          0          0         80   uidiv.o
        98          0          0          0          0         92   uldiv.o
        48          0          0          0          0         68   cdrcmple.o
        20          0          0          0          0         68   cfcmple.o
        56          0          0          0          0         88   d2f.o
       334          0          0          0          0        148   dadd.o
       222          0          0          0          0        100   ddiv.o
       186          0          0          0          0        176   depilogue.o
        48          0          0          0          0         68   dfixul.o
        26          0          0          0          0         76   dfltui.o
       228          0          0          0          0         96   dmul.o
        46          0          0          0          0         80   dscalb.o
       176          0          0          0          0        140   fadd.o
       124          0          0          0          0         88   fdiv.o
       110          0          0          0          0        168   fepilogue.o
        40          0          0          0          0         68   ffixui.o

    ----------------------------------------------------------------------
      4328        106          0          4          0       2504   Library Totals
         8          0          0          0          0          0   (incl. Padding)

    ----------------------------------------------------------------------

      Code (inc. data)   RO Data    RW Data    ZI Data      Debug   Library Name

      2656        106          0          4          0       1072   mc_w.l
      1664          0          0          0          0       1432   mf_w.l

    ----------------------------------------------------------------------
      4328        106          0          4          0       2504   Library Totals

    ----------------------------------------------------------------------

==============================================================================


      Code (inc. data)   RO Data    RW Data    ZI Data      Debug   

     24388       4000       4420         88       9184     665823   Grand Totals
     24388       4000       4420         88       9184     665823   ELF Image Totals
     24388       4000       4420         88          0          0   ROM Totals

==============================================================================

    Total RO  Size (Code + RO Data)                28808 (  28.13kB)
    Total RW  Size (RW Data + ZI Data)              9272 (   9.05kB)
    Total ROM Size (Code + RO Data + RW Data)      28896 (  28.22kB)

==============================================================================

